#
# There is insufficient memory for the Java Runtime Environment to continue.
# Native memory allocation (malloc) failed to allocate 1048576 bytes. Error detail: AllocateHeap
# Possible reasons:
#   The system is out of physical RAM or swap space
#   This process is running with CompressedOops enabled, and the Java Heap may be blocking the growth of the native heap
# Possible solutions:
#   Reduce memory load on the system
#   Increase physical memory or swap space
#   Check if swap backing store is full
#   Decrease Java heap size (-Xmx/-Xms)
#   Decrease number of Java threads
#   Decrease Java thread stack sizes (-Xss)
#   Set larger code cache with -XX:ReservedCodeCacheSize=
#   JVM is running with Unscaled Compressed Oops mode in which the Java heap is
#     placed in the first 4GB address space. The Java Heap base address is the
#     maximum limit for the native heap growth. Please use -XX:HeapBaseMinAddress
#     to set the Java Heap base and to place the Java Heap above 4GB virtual address.
# This output file may be truncated or incomplete.
#
#  Out of Memory Error (allocation.cpp:42), pid=6800, tid=18204
#
# JRE version:  (25.0.1+8) (build )
# Java VM: Java HotSpot(TM) 64-Bit Server VM (25.0.1+8-LTS-27, mixed mode, sharing, tiered, compressed oops, compressed class ptrs, g1 gc, windows-amd64)
# No core dump will be written. Minidumps are not enabled by default on client versions of Windows
#

---------------  S U M M A R Y ------------

Command Line: -Dnet.bytebuddy.agent.attacher.dump= net.bytebuddy.agent.Attacher com.sun.tools.attach.VirtualMachine 20872 C:\Users\User\.m2\repository\net\bytebuddy\byte-buddy-agent\1.17.8\byte-buddy-agent-1.17.8.jar false 

Host: Intel(R) Core(TM) i5-8250U CPU @ 1.60GHz, 8 cores, 7G,  Windows 11 , 64 bit Build 26100 (10.0.26100.9168)
Time: Wed Aug 19 18:58:55 2026 Sri Lanka Standard Time elapsed time: 1.027852 seconds (0d 0h 0m 1s)

---------------  T H R E A D  ---------------

Current thread (0x000001360c1e6380):  JavaThread "Unknown thread" [_thread_in_vm, id=18204, stack(0x000000277c900000,0x000000277ca00000) (1024K)]

Stack: [0x000000277c900000,0x000000277ca00000]
Native frames: (J=compiled Java code, j=interpreted, Vv=VM code, C=native code)
V  [jvm.dll+0x7a6b59]  (no source info available)
V  [jvm.dll+0x77290d]  (no source info available)
V  [jvm.dll+0x966153]  (no source info available)
V  [jvm.dll+0x968751]  (no source info available)
V  [jvm.dll+0x968e53]  (no source info available)
V  [jvm.dll+0x2fc756]  (no source info available)
V  [jvm.dll+0xf7487]  (no source info available)
V  [jvm.dll+0x3bdc18]  (no source info available)
V  [jvm.dll+0x92c7fb]  (no source info available)
V  [jvm.dll+0x458bc2]  (no source info available)
V  [jvm.dll+0x9101e2]  (no source info available)
V  [jvm.dll+0x4f9061]  (no source info available)
V  [jvm.dll+0x4fa8f1]  (no source info available)
C  [jli.dll+0x543e]  (no source info available)
C  [ucrtbase.dll+0x2cd30]  (no source info available)
C  [KERNEL32.DLL+0x2ccb7]  (no source info available)
C  [ntdll.dll+0xaad6c]  (no source info available)

Lock stack of current Java thread (top to bottom):


---------------  P R O C E S S  ---------------

Threads class SMR info:
_java_thread_list=0x00007fff24425308, length=0, elements={
}

Java Threads: ( => current thread )
Total: 0

Other Threads:

=>0x000001360c1e6380 (exited) JavaThread "Unknown thread"    [_thread_in_vm, id=18204, stack(0x000000277c900000,0x000000277ca00000) (1024K)]
Total: 1

Threads with active compile tasks:
Total: 0

VM state: not at safepoint (not fully initialized)

VM Mutex/Monitor currently owned by a thread: None

Heap address: 0x0000000000000000, size: 0 MB, Compressed Oops mode: 32-bit

CDS archive(s) mapped at: [0x0000000000000000-0x0000000000000000-0x0000000000000000), size 0, SharedBaseAddress: 0x0000000800000000, ArchiveRelocationMode: 1.
UseCompressedClassPointers 1, UseCompactObjectHeaders 0
Narrow klass pointer bits 32, Max shift 3
Narrow klass base: 0xffffffffffffffff, Narrow klass shift: -1
Encoding Range: [0xffffffffffffffff - 0x000000007fffffff), (2147483648 bytes)
Klass Range:    [0x0000000000000000 - 0x0000000000000000), (0 bytes)
Klass ID Range:  [4294967295 - 0) (1)
No protection zone.

GC Precious Log:
 CardTable entry size: 512
 Card Set container configuration: InlinePtr #cards 5 size 8 Array Of Cards #cards 10 size 36 Howl #buckets 4 coarsen threshold 1843 Howl Bitmap #cards 512 size 80 coarsen threshold 460 Card regions per heap region 1 cards per card region 2048

GC Heap Usage History (0 events):
No events

Metaspace Usage History (0 events):
No events

Dll operation events (1 events):
Event: 0.015 Loaded shared library C:\Program Files\Java\jdk-25\bin\java.dll

Deoptimization events (0 events):
No events

Classes loaded (0 events):
No events

Classes unloaded (0 events):
No events

Classes redefined (0 events):
No events

Internal exceptions (0 events):
No events

VM Operations (0 events):
No events

Memory protections (0 events):
No events

Nmethod flushes (0 events):
No events

Events (0 events):
No events


Dynamic libraries:
0x00007ff769160000 - 0x00007ff769170000 	C:\Program Files\Java\jdk-25\bin\java.exe
0x00007fff8cb80000 - 0x00007fff8cde6000 	C:\WINDOWS\SYSTEM32\ntdll.dll
0x00007fff8bd80000 - 0x00007fff8be49000 	C:\WINDOWS\System32\KERNEL32.DLL
0x00007fff89d90000 - 0x00007fff8a18f000 	C:\WINDOWS\System32\KERNELBASE.dll
0x00007fff8a440000 - 0x00007fff8a58c000 	C:\WINDOWS\System32\ucrtbase.dll
0x00007fff82f60000 - 0x00007fff82f77000 	C:\Program Files\Java\jdk-25\bin\jli.dll
0x00007fff8b970000 - 0x00007fff8bb36000 	C:\WINDOWS\System32\USER32.dll
0x00007fff82f80000 - 0x00007fff82f9e000 	C:\Program Files\Java\jdk-25\bin\VCRUNTIME140.dll
0x00007fff75620000 - 0x00007fff758b1000 	C:\WINDOWS\WinSxS\amd64_microsoft.windows.common-controls_6595b64144ccf1df_6.0.26100.8972_none_3e0da176e32f9d4b\COMCTL32.dll
0x00007fff8a660000 - 0x00007fff8a687000 	C:\WINDOWS\System32\win32u.dll
0x00007fff8c0d0000 - 0x00007fff8c179000 	C:\WINDOWS\System32\msvcrt.dll
0x00007fff8be50000 - 0x00007fff8be7b000 	C:\WINDOWS\System32\GDI32.dll
0x00007fff8a250000 - 0x00007fff8a379000 	C:\WINDOWS\System32\gdi32full.dll
0x00007fff8a1a0000 - 0x00007fff8a243000 	C:\WINDOWS\System32\msvcp_win.dll
0x00007fff8bbd0000 - 0x00007fff8bc02000 	C:\WINDOWS\System32\IMM32.DLL
0x00007fff866e0000 - 0x00007fff866ec000 	C:\Program Files\Java\jdk-25\bin\vcruntime140_1.dll
0x00007fff73b80000 - 0x00007fff73c0d000 	C:\Program Files\Java\jdk-25\bin\msvcp140.dll
0x00007fff23730000 - 0x00007fff2458f000 	C:\Program Files\Java\jdk-25\bin\server\jvm.dll
0x00007fff8b8a0000 - 0x00007fff8b95c000 	C:\WINDOWS\System32\ADVAPI32.dll
0x00007fff8c3b0000 - 0x00007fff8c45a000 	C:\WINDOWS\System32\sechost.dll
0x00007fff8c480000 - 0x00007fff8c598000 	C:\WINDOWS\System32\RPCRT4.dll
0x00007fff8c040000 - 0x00007fff8c0c2000 	C:\WINDOWS\System32\WS2_32.dll
0x00007fff82860000 - 0x00007fff8286b000 	C:\WINDOWS\SYSTEM32\VERSION.dll
0x00007fff89bf0000 - 0x00007fff89c4e000 	C:\WINDOWS\SYSTEM32\POWRPROF.dll
0x00007fff755e0000 - 0x00007fff75616000 	C:\WINDOWS\SYSTEM32\WINMM.dll
0x00007fff89bd0000 - 0x00007fff89be5000 	C:\WINDOWS\SYSTEM32\UMPDC.dll
0x00007fff88a80000 - 0x00007fff88a9b000 	C:\WINDOWS\SYSTEM32\kernel.appcore.dll
0x00007fff82f50000 - 0x00007fff82f5a000 	C:\Program Files\Java\jdk-25\bin\jimage.dll
0x00007fff873c0000 - 0x00007fff87602000 	C:\WINDOWS\SYSTEM32\DBGHELP.DLL
0x00007fff8c7b0000 - 0x00007fff8cb35000 	C:\WINDOWS\System32\combase.dll
0x00007fff8be80000 - 0x00007fff8bf59000 	C:\WINDOWS\System32\OLEAUT32.dll
0x00007fff73d10000 - 0x00007fff73d4b000 	C:\WINDOWS\SYSTEM32\dbgcore.DLL
0x00007fff8a5a0000 - 0x00007fff8a64c000 	C:\WINDOWS\System32\bcryptPrimitives.dll
0x00007fff82f30000 - 0x00007fff82f4f000 	C:\Program Files\Java\jdk-25\bin\java.dll
0x00007fff8b670000 - 0x00007fff8b809000 	C:\WINDOWS\System32\ole32.dll
0x00007fff8aee0000 - 0x00007fff8b668000 	C:\WINDOWS\System32\SHELL32.dll

JVMTI agents: none

dbghelp: loaded successfully - version: 4.0.5 - missing functions: none
symbol engine: initialized successfully - sym options: 0x614 - pdb path: .;C:\Program Files\Java\jdk-25\bin;C:\WINDOWS\SYSTEM32;C:\WINDOWS\WinSxS\amd64_microsoft.windows.common-controls_6595b64144ccf1df_6.0.26100.8972_none_3e0da176e32f9d4b;C:\Program Files\Java\jdk-25\bin\server

VM Arguments:
jvm_args: -Dnet.bytebuddy.agent.attacher.dump= 
java_command: net.bytebuddy.agent.Attacher com.sun.tools.attach.VirtualMachine 20872 C:\Users\User\.m2\repository\net\bytebuddy\byte-buddy-agent\1.17.8\byte-buddy-agent-1.17.8.jar false 
java_class_path (initial): C:\Users\User\.m2\repository\net\bytebuddy\byte-buddy-agent\1.17.8\byte-buddy-agent-1.17.8.jar
Launcher Type: SUN_STANDARD

[Global flags]
     intx CICompilerCount                          = 4                                         {product} {ergonomic}
     uint ConcGCThreads                            = 2                                         {product} {ergonomic}
     uint G1ConcRefinementThreads                  = 8                                         {product} {ergonomic}
   size_t G1HeapRegionSize                         = 1048576                                   {product} {ergonomic}
   size_t InitialHeapSize                          = 134217728                                 {product} {ergonomic}
   size_t MarkStackSize                            = 4194304                                   {product} {ergonomic}
   size_t MaxHeapSize                              = 2116026368                                {product} {ergonomic}
   size_t MinHeapDeltaBytes                        = 1048576                                   {product} {ergonomic}
   size_t MinHeapSize                              = 8388608                                   {product} {ergonomic}
    uintx NonNMethodCodeHeapSize                   = 5832704                                {pd product} {ergonomic}
    uintx NonProfiledCodeHeapSize                  = 122945536                              {pd product} {ergonomic}
    uintx ProfiledCodeHeapSize                     = 122880000                              {pd product} {ergonomic}
    uintx ReservedCodeCacheSize                    = 251658240                              {pd product} {ergonomic}
     bool SegmentedCodeCache                       = true                                      {product} {ergonomic}
   size_t SoftMaxHeapSize                          = 2116026368                             {manageable} {ergonomic}
     bool UseCompressedOops                        = true                           {product lp64_product} {ergonomic}
     bool UseG1GC                                  = true                                      {product} {ergonomic}
     bool UseLargePagesIndividualAllocation        = false                                  {pd product} {ergonomic}

Logging:
Log output configuration:
 #0: stdout all=warning uptime,level,tags foldmultilines=false
 #1: stderr all=off uptime,level,tags foldmultilines=false

Release file:
<release file has not been read>
Environment Variables:
JAVA_HOME=C:/Program Files/Java/jdk-25
PATH=C:\Users\User\bin;C:\Program Files\Git\mingw64\bin;C:\Program Files\Git\usr\local\bin;C:\Program Files\Git\usr\bin;C:\Program Files\Git\usr\bin;C:\Program Files\Git\mingw64\bin;C:\Program Files\Git\usr\bin;C:\Users\User\bin;C:\Program Files\Common Files\Oracle\Java\javapath;C:\WINDOWS\system32;C:\WINDOWS;C:\WINDOWS\System32\Wbem;C:\WINDOWS\System32\WindowsPowerShell\v1.0;C:\WINDOWS\System32\OpenSSH;C:\Program Files\Git\cmd;C:\Program Files\nodejs;C:\Program Files\nodejs;C:\Program Files\Java\jdk-25\bin;C:\Program Files\apache-maven-3.9.11\bin;C:\Program Files\apache-maven-3.9.11\bin;C:\Program Files\PostgreSQL\18\bin;C:\Program Files\Microsoft SQL Server\Client SDK\ODBC\170\Tools\Binn;C:\Program Files (x86)\Microsoft SQL Server\150\Tools\Binn;C:\Program Files\Microsoft SQL Server\150\Tools\Binn;C:\Program Files\Microsoft SQL Server\150\DTS\Binn;C:\Program Files (x86)\Microsoft SQL Server\150\DTS\Binn;C:\Program Files\Azure Data Studio\bin;C:\Users\User\AppData\Local\Microsoft\WindowsApps;C:\Users\User\AppData\Local\Programs\Microsoft VS Code\bin;C:\Users\User\AppData\Roaming\npm;C:\Program Files\Azure Data Studio\bin;C:\Users\User\AppData\Local\Programs\Antigravity IDE\bin;C:\Program Files\Git\usr\bin\vendor_perl;C:\Program Files\Git\usr\bin\core_perl
USERNAME=User
SHELL=C:\Program Files\Git\usr\bin\bash.exe
TERM=xterm-256color
OS=Windows_NT
PROCESSOR_IDENTIFIER=Intel64 Family 6 Model 142 Stepping 10, GenuineIntel
TMP=C:\Users\User\AppData\Local\Temp
TEMP=C:\Users\User\AppData\Local\Temp




Compilation memory statistics disabled.

Periodic native trim disabled

---------------  S Y S T E M  ---------------

OS:
 Windows 11 , 64 bit Build 26100 (10.0.26100.9168)
OS uptime: 5 days 4:03 hours

CPU: total 8 (initial active 8) (4 cores per cpu, 2 threads per core) family 6 model 142 stepping 10 microcode 0xe0, cx8, cmov, fxsr, ht, mmx, 3dnowpref, sse, sse2, sse3, ssse3, sse4.1, sse4.2, popcnt, lzcnt, tsc, tscinvbit, avx, avx2, aes, erms, clmul, bmi1, bmi2, adx, fma, vzeroupper, clflush, clflushopt, rdtscp, f16c
Processor Information for the first 8 processors :
  Max Mhz: 1800, Current Mhz: 1600, Mhz Limit: 1584

Memory: 4k page, system-wide physical 8070M (450M free)
TotalPageFile size 32646M (AvailPageFile size 167M)
current process WorkingSet (physical memory assigned to process): 13M, peak: 13M
current process commit charge ("private bytes"): 16M, peak: 17M

vm_info: Java HotSpot(TM) 64-Bit Server VM (25.0.1+8-LTS-27) for windows-amd64 JRE (25.0.1+8-LTS-27), built on 2025-09-25T16:41:16Z with unknown MS VC++:1943

END.
