#
# There is insufficient memory for the Java Runtime Environment to continue.
# Native memory allocation (malloc) failed to allocate 17327256 bytes. Error detail: Chunk::new
# Possible reasons:
#   The system is out of physical RAM or swap space
#   This process is running with CompressedOops enabled, and the Java Heap may be blocking the growth of the native heap
# Possible solutions:
#   Reduce memory load on the system
#   Increase physical memory or swap space
#   Check if swap backing store is full
#   Decrease Java heap size (-Xmx/-Xms)
#   Decrease number of Java threads
#   Decrease Java thread stack sizes (-Xss)
#   Set larger code cache with -XX:ReservedCodeCacheSize=
#   JVM is running with Unscaled Compressed Oops mode in which the Java heap is
#     placed in the first 4GB address space. The Java Heap base address is the
#     maximum limit for the native heap growth. Please use -XX:HeapBaseMinAddress
#     to set the Java Heap base and to place the Java Heap above 4GB virtual address.
# This output file may be truncated or incomplete.
#
#  Out of Memory Error (arena.cpp:186), pid=15024, tid=5660
#
# JRE version: Java(TM) SE Runtime Environment (25.0.1+8) (build 25.0.1+8-LTS-27)
# Java VM: Java HotSpot(TM) 64-Bit Server VM (25.0.1+8-LTS-27, mixed mode, sharing, tiered, compressed oops, compressed class ptrs, g1 gc, windows-amd64)
# No core dump will be written. Minidumps are not enabled by default on client versions of Windows
#

---------------  S U M M A R Y ------------

Command Line: --add-opens=java.base/java.lang=ALL-UNNAMED --enable-native-access=ALL-UNNAMED -Dclassworlds.conf=C:/Users/User/.m2/wrapper/dists/apache-maven-3.9.12/6068d197/bin/m2.conf -Dmaven.home=C:/Users/User/.m2/wrapper/dists/apache-maven-3.9.12/6068d197 -Dlibrary.jansi.path=C:/Users/User/.m2/wrapper/dists/apache-maven-3.9.12/6068d197/lib/jansi-native -Dmaven.multiModuleProjectDirectory=C:/Users/User/Desktop/Member-Connect/Backend/member-connect-backend org.codehaus.plexus.classworlds.launcher.Launcher -o -q test -Dtest=!Grade5ScholarshipServiceTest#saveRequestShouldFlagDeviationWhenRequestFallsOutsideEligibilityWindow

Host: Intel(R) Core(TM) i5-8250U CPU @ 1.60GHz, 8 cores, 7G,  Windows 11 , 64 bit Build 26100 (10.0.26100.9168)
Time: Wed Aug 19 18:58:56 2026 Sri Lanka Standard Time elapsed time: 10.736768 seconds (0d 0h 0m 10s)

---------------  T H R E A D  ---------------

Current thread (0x0000019f7893ebf0):  JavaThread "C2 CompilerThread0" daemon [_thread_in_native, id=5660, stack(0x000000733b400000,0x000000733b500000) (1024K)]


Current CompileTask:
C2:10736 6501       4       java.lang.invoke.MethodType::makeImpl (109 bytes)

Stack: [0x000000733b400000,0x000000733b500000]
Native frames: (J=compiled Java code, j=interpreted, Vv=VM code, C=native code)
V  [jvm.dll+0x7a6b59]  (no source info available)
V  [jvm.dll+0x77290d]  (no source info available)
V  [jvm.dll+0x966153]  (no source info available)
V  [jvm.dll+0x968751]  (no source info available)
V  [jvm.dll+0x968e53]  (no source info available)
V  [jvm.dll+0x2fc756]  (no source info available)
V  [jvm.dll+0x111b26]  (no source info available)
V  [jvm.dll+0x111e4e]  (no source info available)
V  [jvm.dll+0x1a0a22]  (no source info available)
V  [jvm.dll+0x3b53c2]  (no source info available)
V  [jvm.dll+0x7ac4ef]  (no source info available)
V  [jvm.dll+0x2c0ac7]  (no source info available)
V  [jvm.dll+0x2bfa8f]  (no source info available)
V  [jvm.dll+0x237b60]  (no source info available)
V  [jvm.dll+0x2cfb56]  (no source info available)
V  [jvm.dll+0x2cddd5]  (no source info available)
V  [jvm.dll+0x48e6d1]  (no source info available)
V  [jvm.dll+0x906a0d]  (no source info available)
V  [jvm.dll+0x7a5135]  (no source info available)
C  [ucrtbase.dll+0x2cd30]  (no source info available)
C  [KERNEL32.DLL+0x2ccb7]  (no source info available)
C  [ntdll.dll+0xaad6c]  (no source info available)

Lock stack of current Java thread (top to bottom):


---------------  P R O C E S S  ---------------

Threads class SMR info:
_java_thread_list=0x0000019f7e5e3b90, length=17, elements={
0x0000019f59864fb0, 0x0000019f789223f0, 0x0000019f78922bb0, 0x0000019f7892c420,
0x0000019f7892f650, 0x0000019f78930690, 0x0000019f789337a0, 0x0000019f7893ebf0,
0x0000019f789433e0, 0x0000019f78ac8d90, 0x0000019f78acb560, 0x0000019f7db25460,
0x0000019f7d268c50, 0x0000019f7df8ae70, 0x0000019f7df8d580, 0x0000019f7df8c5e0,
0x0000019f7df8e520
}

Java Threads: ( => current thread )
  0x0000019f59864fb0 JavaThread "main"                              [_thread_in_native, id=20612, stack(0x000000733a600000,0x000000733a700000) (1024K)]
  0x0000019f789223f0 JavaThread "Reference Handler"          daemon [_thread_blocked, id=25028, stack(0x000000733ae00000,0x000000733af00000) (1024K)]
  0x0000019f78922bb0 JavaThread "Finalizer"                  daemon [_thread_blocked, id=8404, stack(0x000000733af00000,0x000000733b000000) (1024K)]
  0x0000019f7892c420 JavaThread "Signal Dispatcher"          daemon [_thread_blocked, id=9744, stack(0x000000733b000000,0x000000733b100000) (1024K)]
  0x0000019f7892f650 JavaThread "Attach Listener"            daemon [_thread_blocked, id=23704, stack(0x000000733b100000,0x000000733b200000) (1024K)]
  0x0000019f78930690 JavaThread "Service Thread"             daemon [_thread_blocked, id=13056, stack(0x000000733b200000,0x000000733b300000) (1024K)]
  0x0000019f789337a0 JavaThread "Monitor Deflation Thread"   daemon [_thread_blocked, id=24368, stack(0x000000733b300000,0x000000733b400000) (1024K)]
=>0x0000019f7893ebf0 JavaThread "C2 CompilerThread0"         daemon [_thread_in_native, id=5660, stack(0x000000733b400000,0x000000733b500000) (1024K)]
  0x0000019f789433e0 JavaThread "C1 CompilerThread0"         daemon [_thread_blocked, id=5016, stack(0x000000733b500000,0x000000733b600000) (1024K)]
  0x0000019f78ac8d90 JavaThread "Notification Thread"        daemon [_thread_blocked, id=16320, stack(0x000000733b600000,0x000000733b700000) (1024K)]
  0x0000019f78acb560 JavaThread "Common-Cleaner"             daemon [_thread_blocked, id=14608, stack(0x000000733b700000,0x000000733b800000) (1024K)]
  0x0000019f7db25460 JavaThread "timeout-check-timer"        daemon [_thread_blocked, id=18132, stack(0x000000733bf00000,0x000000733c000000) (1024K)]
  0x0000019f7d268c50 JavaThread "ping-timer-10s"             daemon [_thread_blocked, id=14548, stack(0x000000733c100000,0x000000733c200000) (1024K)]
  0x0000019f7df8ae70 JavaThread "ThreadedStreamConsumer"     daemon [_thread_blocked, id=24396, stack(0x000000733c200000,0x000000733c300000) (1024K)]
  0x0000019f7df8d580 JavaThread "fork-1-err-thread"          daemon [_thread_in_native, id=15408, stack(0x000000733c400000,0x000000733c500000) (1024K)]
  0x0000019f7df8c5e0 JavaThread "commands-fork-1"            daemon [_thread_blocked, id=26448, stack(0x000000733c500000,0x000000733c600000) (1024K)]
  0x0000019f7df8e520 JavaThread "fork-1-event-thread"        daemon [_thread_in_native, id=21264, stack(0x000000733c600000,0x000000733c700000) (1024K)]
Total: 17

Other Threads:
  0x0000019f78910600 VMThread "VM Thread"                           [id=13440, stack(0x000000733ad00000,0x000000733ae00000) (1024K)]
  0x0000019f787dcc80 WatcherThread "VM Periodic Task Thread"        [id=8556, stack(0x000000733ac00000,0x000000733ad00000) (1024K)]
  0x0000019f5bc5c5f0 WorkerThread "GC Thread#0"                     [id=23760, stack(0x000000733a700000,0x000000733a800000) (1024K)]
  0x0000019f7d9eee20 WorkerThread "GC Thread#1"                     [id=7060, stack(0x000000733b800000,0x000000733b900000) (1024K)]
  0x0000019f7db617a0 WorkerThread "GC Thread#2"                     [id=15540, stack(0x000000733b900000,0x000000733ba00000) (1024K)]
  0x0000019f7db2cd60 WorkerThread "GC Thread#3"                     [id=14432, stack(0x000000733ba00000,0x000000733bb00000) (1024K)]
  0x0000019f7db2d9a0 WorkerThread "GC Thread#4"                     [id=25480, stack(0x000000733bb00000,0x000000733bc00000) (1024K)]
  0x0000019f7dc45f70 WorkerThread "GC Thread#5"                     [id=6048, stack(0x000000733bc00000,0x000000733bd00000) (1024K)]
  0x0000019f7dc463c0 WorkerThread "GC Thread#6"                     [id=15292, stack(0x000000733bd00000,0x000000733be00000) (1024K)]
  0x0000019f7dc470b0 WorkerThread "GC Thread#7"                     [id=18492, stack(0x000000733be00000,0x000000733bf00000) (1024K)]
  0x0000019f5bc761d0 ConcurrentGCThread "G1 Main Marker"            [id=9116, stack(0x000000733a800000,0x000000733a900000) (1024K)]
  0x0000019f5bc77bc0 WorkerThread "G1 Conc#0"                       [id=18324, stack(0x000000733a900000,0x000000733aa00000) (1024K)]
  0x0000019f78a64ba0 WorkerThread "G1 Conc#1"                       [id=16916, stack(0x000000733c300000,0x000000733c400000) (1024K)]
  0x0000019f787cc920 ConcurrentGCThread "G1 Refine#0"               [id=10740, stack(0x000000733aa00000,0x000000733ab00000) (1024K)]
  0x0000019f787cf1f0 ConcurrentGCThread "G1 Service"                [id=4988, stack(0x000000733ab00000,0x000000733ac00000) (1024K)]
Total: 15

Threads with active compile tasks:
C2 CompilerThread0  10800 6501       4       java.lang.invoke.MethodType::makeImpl (109 bytes)
Total: 1

VM state: not at safepoint (normal execution)

VM Mutex/Monitor currently owned by a thread: None

Heap address: 0x0000000081e00000, size: 2018 MB, Compressed Oops mode: 32-bit

CDS archive(s) mapped at: [0x000000003b000000-0x000000003bdd0000-0x000000003bdd0000), size 14483456, SharedBaseAddress: 0x000000003b000000, ArchiveRelocationMode: 1.
Compressed class space mapped at: 0x000000003c000000-0x000000007c000000, reserved size: 1073741824
UseCompressedClassPointers 1, UseCompactObjectHeaders 0
Narrow klass pointer bits 32, Max shift 3
Narrow klass base: 0x000000003b000000, Narrow klass shift: 0
Encoding Range: [0x000000003b000000 - 0x000000013b000000), (4294967296 bytes)
Klass Range:    [0x000000003b010000 - 0x000000007c000000), (1090453504 bytes)
Klass ID Range:  [65536 - 1090519033) (1090453497)
Protection zone: [0x000000003b000000 - 0x000000003b010000), (65536 bytes)

GC Precious Log:
 CardTable entry size: 512
 Card Set container configuration: InlinePtr #cards 5 size 8 Array Of Cards #cards 10 size 36 Howl #buckets 4 coarsen threshold 1843 Howl Bitmap #cards 512 size 80 coarsen threshold 460 Card regions per heap region 1 cards per card region 2048
 CPUs: 8 total, 8 available
 Memory: 8070M
 Large Page Support: Disabled
 NUMA Support: Disabled
 Compressed Oops: Enabled (32-bit)
 Heap Region Size: 1M
 Heap Min Capacity: 8M
 Heap Initial Capacity: 128M
 Heap Max Capacity: 2018M
 Pre-touch: Disabled
 Parallel Workers: 8
 Concurrent Workers: 2
 Concurrent Refinement Workers: 8
 Periodic GC: Disabled

Heap:
 garbage-first heap   total reserved 2066432K, committed 68608K, used 25749K [0x0000000081e00000, 0x0000000100000000)
  region size 1024K, 11 young (11264K), 4 survivors (4096K)

Heap Regions: E=young(eden), S=young(survivor), O=old, HS=humongous(starts), HC=humongous(continues), CS=collection set, F=free, TAMS=top-at-mark-start, PB=parsable bottom
|   0|0x0000000081e00000, 0x0000000081f00000, 0x0000000081f00000|100%| O|  |TAMS 0x0000000081e00000| PB 0x0000000081e00000| Untracked |  0
|   1|0x0000000081f00000, 0x0000000082000000, 0x0000000082000000|100%| O|  |TAMS 0x0000000081f00000| PB 0x0000000081f00000| Untracked |  0
|   2|0x0000000082000000, 0x0000000082100000, 0x0000000082100000|100%| O|  |TAMS 0x0000000082000000| PB 0x0000000082000000| Untracked |  0
|   3|0x0000000082100000, 0x0000000082200000, 0x0000000082200000|100%| O|  |TAMS 0x0000000082100000| PB 0x0000000082100000| Untracked |  0
|   4|0x0000000082200000, 0x0000000082300000, 0x0000000082300000|100%| O|  |TAMS 0x0000000082200000| PB 0x0000000082200000| Untracked |  0
|   5|0x0000000082300000, 0x0000000082400000, 0x0000000082400000|100%| O|  |TAMS 0x0000000082300000| PB 0x0000000082300000| Untracked |  0
|   6|0x0000000082400000, 0x0000000082500000, 0x0000000082500000|100%| O|  |TAMS 0x0000000082400000| PB 0x0000000082400000| Untracked |  0
|   7|0x0000000082500000, 0x0000000082600000, 0x0000000082600000|100%| O|  |TAMS 0x0000000082500000| PB 0x0000000082500000| Untracked |  0
|   8|0x0000000082600000, 0x0000000082700000, 0x0000000082700000|100%| O|  |TAMS 0x0000000082600000| PB 0x0000000082600000| Untracked |  0
|   9|0x0000000082700000, 0x0000000082800000, 0x0000000082800000|100%| O|  |TAMS 0x0000000082700000| PB 0x0000000082700000| Untracked |  0
|  10|0x0000000082800000, 0x0000000082900000, 0x0000000082900000|100%| O|  |TAMS 0x0000000082800000| PB 0x0000000082800000| Untracked |  0
|  11|0x0000000082900000, 0x0000000082a00000, 0x0000000082a00000|100%| O|  |TAMS 0x0000000082900000| PB 0x0000000082900000| Untracked |  0
|  12|0x0000000082a00000, 0x0000000082b00000, 0x0000000082b00000|100%| O|  |TAMS 0x0000000082a00000| PB 0x0000000082a00000| Untracked |  0
|  13|0x0000000082b00000, 0x0000000082c00000, 0x0000000082c00000|100%| O|  |TAMS 0x0000000082b00000| PB 0x0000000082b00000| Untracked |  0
|  14|0x0000000082c00000, 0x0000000082c00000, 0x0000000082d00000|  0%| F|  |TAMS 0x0000000082c00000| PB 0x0000000082c00000| Untracked |  0
|  15|0x0000000082d00000, 0x0000000082d00000, 0x0000000082e00000|  0%| F|  |TAMS 0x0000000082d00000| PB 0x0000000082d00000| Untracked |  0
|  16|0x0000000082e00000, 0x0000000082e00000, 0x0000000082f00000|  0%| F|  |TAMS 0x0000000082e00000| PB 0x0000000082e00000| Untracked |  0
|  17|0x0000000082f00000, 0x0000000082f00000, 0x0000000083000000|  0%| F|  |TAMS 0x0000000082f00000| PB 0x0000000082f00000| Untracked |  0
|  18|0x0000000083000000, 0x0000000083000000, 0x0000000083100000|  0%| F|  |TAMS 0x0000000083000000| PB 0x0000000083000000| Untracked |  0
|  19|0x0000000083100000, 0x0000000083100000, 0x0000000083200000|  0%| F|  |TAMS 0x0000000083100000| PB 0x0000000083100000| Untracked |  0
|  20|0x0000000083200000, 0x0000000083200000, 0x0000000083300000|  0%| F|  |TAMS 0x0000000083200000| PB 0x0000000083200000| Untracked |  0
|  21|0x0000000083300000, 0x0000000083300000, 0x0000000083400000|  0%| F|  |TAMS 0x0000000083300000| PB 0x0000000083300000| Untracked |  0
|  22|0x0000000083400000, 0x0000000083400000, 0x0000000083500000|  0%| F|  |TAMS 0x0000000083400000| PB 0x0000000083400000| Untracked |  0
|  23|0x0000000083500000, 0x0000000083500000, 0x0000000083600000|  0%| F|  |TAMS 0x0000000083500000| PB 0x0000000083500000| Untracked |  0
|  24|0x0000000083600000, 0x0000000083600000, 0x0000000083700000|  0%| F|  |TAMS 0x0000000083600000| PB 0x0000000083600000| Untracked |  0
|  25|0x0000000083700000, 0x0000000083700000, 0x0000000083800000|  0%| F|  |TAMS 0x0000000083700000| PB 0x0000000083700000| Untracked |  0
|  26|0x0000000083800000, 0x0000000083800000, 0x0000000083900000|  0%| F|  |TAMS 0x0000000083800000| PB 0x0000000083800000| Untracked |  0
|  27|0x0000000083900000, 0x0000000083900000, 0x0000000083a00000|  0%| F|  |TAMS 0x0000000083900000| PB 0x0000000083900000| Untracked |  0
|  28|0x0000000083a00000, 0x0000000083a00000, 0x0000000083b00000|  0%| F|  |TAMS 0x0000000083a00000| PB 0x0000000083a00000| Untracked |  0
|  29|0x0000000083b00000, 0x0000000083b00000, 0x0000000083c00000|  0%| F|  |TAMS 0x0000000083b00000| PB 0x0000000083b00000| Untracked |  0
|  30|0x0000000083c00000, 0x0000000083c00000, 0x0000000083d00000|  0%| F|  |TAMS 0x0000000083c00000| PB 0x0000000083c00000| Untracked |  0
|  31|0x0000000083d00000, 0x0000000083d00000, 0x0000000083e00000|  0%| F|  |TAMS 0x0000000083d00000| PB 0x0000000083d00000| Untracked |  0
|  32|0x0000000083e00000, 0x0000000083e00000, 0x0000000083f00000|  0%| F|  |TAMS 0x0000000083e00000| PB 0x0000000083e00000| Untracked |  0
|  33|0x0000000083f00000, 0x0000000083f00000, 0x0000000084000000|  0%| F|  |TAMS 0x0000000083f00000| PB 0x0000000083f00000| Untracked |  0
|  34|0x0000000084000000, 0x0000000084000000, 0x0000000084100000|  0%| F|  |TAMS 0x0000000084000000| PB 0x0000000084000000| Untracked |  0
|  35|0x0000000084100000, 0x0000000084100000, 0x0000000084200000|  0%| F|  |TAMS 0x0000000084100000| PB 0x0000000084100000| Untracked |  0
|  36|0x0000000084200000, 0x0000000084200000, 0x0000000084300000|  0%| F|  |TAMS 0x0000000084200000| PB 0x0000000084200000| Untracked |  0
|  37|0x0000000084300000, 0x0000000084300000, 0x0000000084400000|  0%| F|  |TAMS 0x0000000084300000| PB 0x0000000084300000| Untracked |  0
|  38|0x0000000084400000, 0x0000000084400000, 0x0000000084500000|  0%| F|  |TAMS 0x0000000084400000| PB 0x0000000084400000| Untracked |  0
|  39|0x0000000084500000, 0x0000000084500000, 0x0000000084600000|  0%| F|  |TAMS 0x0000000084500000| PB 0x0000000084500000| Untracked |  0
|  40|0x0000000084600000, 0x0000000084600000, 0x0000000084700000|  0%| F|  |TAMS 0x0000000084600000| PB 0x0000000084600000| Untracked |  0
|  41|0x0000000084700000, 0x0000000084700000, 0x0000000084800000|  0%| F|  |TAMS 0x0000000084700000| PB 0x0000000084700000| Untracked |  0
|  42|0x0000000084800000, 0x0000000084800000, 0x0000000084900000|  0%| F|  |TAMS 0x0000000084800000| PB 0x0000000084800000| Untracked |  0
|  43|0x0000000084900000, 0x0000000084900000, 0x0000000084a00000|  0%| F|  |TAMS 0x0000000084900000| PB 0x0000000084900000| Untracked |  0
|  44|0x0000000084a00000, 0x0000000084a00000, 0x0000000084b00000|  0%| F|  |TAMS 0x0000000084a00000| PB 0x0000000084a00000| Untracked |  0
|  45|0x0000000084b00000, 0x0000000084b00000, 0x0000000084c00000|  0%| F|  |TAMS 0x0000000084b00000| PB 0x0000000084b00000| Untracked |  0
|  46|0x0000000084c00000, 0x0000000084c00000, 0x0000000084d00000|  0%| F|  |TAMS 0x0000000084c00000| PB 0x0000000084c00000| Untracked |  0
|  47|0x0000000084d00000, 0x0000000084d00000, 0x0000000084e00000|  0%| F|  |TAMS 0x0000000084d00000| PB 0x0000000084d00000| Untracked |  0
|  48|0x0000000084e00000, 0x0000000084e00000, 0x0000000084f00000|  0%| F|  |TAMS 0x0000000084e00000| PB 0x0000000084e00000| Untracked |  0
|  49|0x0000000084f00000, 0x0000000084f00000, 0x0000000085000000|  0%| F|  |TAMS 0x0000000084f00000| PB 0x0000000084f00000| Untracked |  0
|  50|0x0000000085000000, 0x0000000085000000, 0x0000000085100000|  0%| F|  |TAMS 0x0000000085000000| PB 0x0000000085000000| Untracked |  0
|  51|0x0000000085100000, 0x0000000085100000, 0x0000000085200000|  0%| F|  |TAMS 0x0000000085100000| PB 0x0000000085100000| Untracked |  0
|  52|0x0000000085200000, 0x0000000085200000, 0x0000000085300000|  0%| F|  |TAMS 0x0000000085200000| PB 0x0000000085200000| Untracked |  0
|  53|0x0000000085300000, 0x0000000085300000, 0x0000000085400000|  0%| F|  |TAMS 0x0000000085300000| PB 0x0000000085300000| Untracked |  0
|  54|0x0000000085400000, 0x0000000085480000, 0x0000000085500000| 50%| E|  |TAMS 0x0000000085400000| PB 0x0000000085400000| Complete |  0
|  55|0x0000000085500000, 0x0000000085600000, 0x0000000085600000|100%| E|CS|TAMS 0x0000000085500000| PB 0x0000000085500000| Complete |  0
|  56|0x0000000085600000, 0x0000000085700000, 0x0000000085700000|100%| E|CS|TAMS 0x0000000085600000| PB 0x0000000085600000| Complete |  0
|  57|0x0000000085700000, 0x0000000085800000, 0x0000000085800000|100%| E|CS|TAMS 0x0000000085700000| PB 0x0000000085700000| Complete |  0
|  58|0x0000000085800000, 0x0000000085900000, 0x0000000085900000|100%| E|CS|TAMS 0x0000000085800000| PB 0x0000000085800000| Complete |  0
| 114|0x0000000089000000, 0x0000000089100000, 0x0000000089100000|100%| S|CS|TAMS 0x0000000089000000| PB 0x0000000089000000| Complete |  0
| 115|0x0000000089100000, 0x0000000089200000, 0x0000000089200000|100%| S|CS|TAMS 0x0000000089100000| PB 0x0000000089100000| Complete |  0
| 116|0x0000000089200000, 0x0000000089300000, 0x0000000089300000|100%| S|CS|TAMS 0x0000000089200000| PB 0x0000000089200000| Complete |  0
| 117|0x0000000089300000, 0x0000000089400000, 0x0000000089400000|100%| S|CS|TAMS 0x0000000089300000| PB 0x0000000089300000| Complete |  0
| 126|0x0000000089c00000, 0x0000000089d00000, 0x0000000089d00000|100%| E|CS|TAMS 0x0000000089c00000| PB 0x0000000089c00000| Complete |  0
| 127|0x0000000089d00000, 0x0000000089e00000, 0x0000000089e00000|100%| E|CS|TAMS 0x0000000089d00000| PB 0x0000000089d00000| Complete |  0
|2016|0x00000000ffe00000, 0x00000000fff00000, 0x00000000fff00000|100%| O|  |TAMS 0x00000000ffe00000| PB 0x00000000ffe00000| Untracked |  0
|2017|0x00000000fff00000, 0x00000000fff256a0, 0x0000000100000000| 14%| O|Cm|TAMS 0x00000000fff00000| PB 0x00000000fff00000| Complete |  0

Card table byte_map: [0x0000019f73bb0000,0x0000019f73fb0000] _byte_map_base: 0x0000019f737a1000

Marking Bits: (CMBitMap*) 0x0000019f5bc5cd80
 Bits: [0x0000019f73fb0000, 0x0000019f75f38000)

Polling page: 0x0000019f5b3c0000

Metaspace:
Metaspace        used 21702K, committed 22016K, reserved 1114112K
 class space     used 1967K, committed 2112K, reserved 1048576K

Usage:
  Non-class:     19.27 MB used.
      Class:      1.92 MB used.
       Both:     21.19 MB used.

Virtual space:
  Non-class space:       64.00 MB reserved,      19.44 MB ( 30%) committed,  1 nodes.
      Class space:        1.00 GB reserved,       2.06 MB ( <1%) committed,  1 nodes.
             Both:        1.06 GB reserved,      21.50 MB (  2%) committed. 

Chunk freelists:
   Non-Class:  11.81 MB
       Class:  13.86 MB
        Both:  25.67 MB

MaxMetaspaceSize: unlimited
CompressedClassSpaceSize: 1.00 GB
Initial GC threshold: 21.00 MB
Current GC threshold: 35.31 MB
CDS: on
 - commit_granule_bytes: 65536.
 - commit_granule_words: 8192.
 - virtual_space_node_default_size: 8388608.
 - enlarge_chunks_in_place: 1.
UseCompressedClassPointers 1, UseCompactObjectHeaders 0
Narrow klass pointer bits 32, Max shift 3
Narrow klass base: 0x000000003b000000, Narrow klass shift: 0
Encoding Range: [0x000000003b000000 - 0x000000013b000000), (4294967296 bytes)
Klass Range:    [0x000000003b010000 - 0x000000007c000000), (1090453504 bytes)
Klass ID Range:  [65536 - 1090519033) (1090453497)
Protection zone: [0x000000003b000000 - 0x000000003b010000), (65536 bytes)


Internal statistics:

num_allocs_failed_limit: 3.
num_arena_births: 182.
num_arena_deaths: 0.
num_vsnodes_births: 2.
num_vsnodes_deaths: 0.
num_space_committed: 344.
num_space_uncommitted: 0.
num_chunks_returned_to_freelist: 3.
num_chunks_taken_from_freelist: 952.
num_chunk_merges: 3.
num_chunk_splits: 647.
num_chunks_enlarged: 503.
num_inconsistent_stats: 0.

CodeHeap 'non-profiled nmethods': size=120064Kb used=2066Kb max_used=2066Kb free=117997Kb
 bounds [0x0000019f6bf40000, 0x0000019f6c1b0000, 0x0000019f73480000]
CodeHeap 'profiled nmethods': size=120000Kb used=10705Kb max_used=10705Kb free=109294Kb
 bounds [0x0000019f64480000, 0x0000019f64f00000, 0x0000019f6b9b0000]
CodeHeap 'non-nmethods': size=5696Kb used=1464Kb max_used=1493Kb free=4231Kb
 bounds [0x0000019f6b9b0000, 0x0000019f6bc20000, 0x0000019f6bf40000]
CodeCache: size=245760Kb, used=14235Kb, max_used=14264Kb, free=231522Kb
 total_blobs=7058, nmethods=6470, adapters=489, full_count=0
Compilation: enabled, stopped_count=0, restarted_count=0

Compilation events (20 events):
Event: 8.209 Thread 0x0000019f789433e0 nmethod 6492 0x0000019f64eecf08 code [0x0000019f64eed000, 0x0000019f64eed538]
Event: 8.209 Thread 0x0000019f789433e0 6487       3       java.io.OutputStreamWriter::write (11 bytes)
Event: 8.209 Thread 0x0000019f789433e0 nmethod 6487 0x0000019f64eed588 code [0x0000019f64eed680, 0x0000019f64eed838]
Event: 8.209 Thread 0x0000019f789433e0 6496       3       java.io.BufferedOutputStream::growIfNeeded (59 bytes)
Event: 8.210 Thread 0x0000019f789433e0 nmethod 6496 0x0000019f64eed888 code [0x0000019f64eed980, 0x0000019f64eedc48]
Event: 8.210 Thread 0x0000019f789433e0 6497       3       java.io.BufferedOutputStream::flushBuffer (29 bytes)
Event: 8.210 Thread 0x0000019f789433e0 nmethod 6497 0x0000019f64eedc88 code [0x0000019f64eedd80, 0x0000019f64eedfa8]
Event: 8.296 Thread 0x0000019f7d9a0090 6498       4       jdk.internal.classfile.impl.BufWriterImpl::writeU1U2 (50 bytes)
Event: 8.299 Thread 0x0000019f789433e0 6499       3       java.util.ImmutableCollections::listFromTrustedArray (125 bytes)
Event: 8.299 Thread 0x0000019f7893ebf0 6501       4       java.lang.invoke.MethodType::makeImpl (109 bytes)
Event: 8.300 Thread 0x0000019f789433e0 nmethod 6499 0x0000019f64eee008 code [0x0000019f64eee100, 0x0000019f64eef1e8]
Event: 8.300 Thread 0x0000019f789433e0 6500       3       jdk.internal.classfile.impl.Util::pow31 (33 bytes)
Event: 8.300 Thread 0x0000019f789433e0 nmethod 6500 0x0000019f64eef208 code [0x0000019f64eef300, 0x0000019f64eef5b8]
Event: 8.300 Thread 0x0000019f7d9a0090 nmethod 6498 0x0000019f6c144508 code [0x0000019f6c144600, 0x0000019f6c1448f8]
Event: 8.303 Thread 0x0000019f789433e0 6502       3       org.fusesource.jansi.io.AnsiOutputStream::write (898 bytes)
Event: 8.311 Thread 0x0000019f789433e0 nmethod 6502 0x0000019f64eef608 code [0x0000019f64eef700, 0x0000019f64ef3848]
Event: 8.311 Thread 0x0000019f789433e0 6503       3       org.fusesource.jansi.io.FastBufferedOutputStream::write (35 bytes)
Event: 8.311 Thread 0x0000019f789433e0 nmethod 6503 0x0000019f64ef3888 code [0x0000019f64ef3980, 0x0000019f64ef3c70]
Event: 9.604 Thread 0x0000019f789433e0 6504       3       java.lang.invoke.VarHandleReferences$FieldInstanceReadWrite::set (35 bytes)
Event: 9.605 Thread 0x0000019f789433e0 nmethod 6504 0x0000019f64ef3c88 code [0x0000019f64ef3d80, 0x0000019f64ef4710]

GC Heap Usage History (10 events):
Event: 1.518 {heap Before GC invocations=0 (full 0):
 garbage-first heap   total reserved 2066432K, committed 133120K, used 49301K [0x0000000081e00000, 0x0000000100000000)
  region size 1024K, 47 young (48128K), 0 survivors (0K)
}
Event: 1.531 {heap After GC invocations=1 (full 0):
 garbage-first heap   total reserved 2066432K, committed 133120K, used 5610K [0x0000000081e00000, 0x0000000100000000)
  region size 1024K, 5 young (5120K), 5 survivors (5120K)
}
Event: 3.122 {heap Before GC invocations=1 (full 0):
 garbage-first heap   total reserved 2066432K, committed 133120K, used 61930K [0x0000000081e00000, 0x0000000100000000)
  region size 1024K, 60 young (61440K), 5 survivors (5120K)
}
Event: 3.144 {heap After GC invocations=2 (full 0):
 garbage-first heap   total reserved 2066432K, committed 133120K, used 13288K [0x0000000081e00000, 0x0000000100000000)
  region size 1024K, 8 young (8192K), 8 survivors (8192K)
}
Event: 4.193 {heap Before GC invocations=2 (full 0):
 garbage-first heap   total reserved 2066432K, committed 133120K, used 76776K [0x0000000081e00000, 0x0000000100000000)
  region size 1024K, 70 young (71680K), 8 survivors (8192K)
}
Event: 4.211 {heap After GC invocations=3 (full 0):
 garbage-first heap   total reserved 2066432K, committed 133120K, used 16250K [0x0000000081e00000, 0x0000000100000000)
  region size 1024K, 4 young (4096K), 4 survivors (4096K)
}
Event: 6.086 {heap Before GC invocations=3 (full 0):
 garbage-first heap   total reserved 2066432K, committed 133120K, used 122746K [0x0000000081e00000, 0x0000000100000000)
  region size 1024K, 76 young (77824K), 4 survivors (4096K)
}
Event: 6.097 {heap After GC invocations=4 (full 0):
 garbage-first heap   total reserved 2066432K, committed 133120K, used 19151K [0x0000000081e00000, 0x0000000100000000)
  region size 1024K, 7 young (7168K), 7 survivors (7168K)
}
Event: 6.438 {heap Before GC invocations=4 (full 0):
 garbage-first heap   total reserved 2066432K, committed 133120K, used 28367K [0x0000000081e00000, 0x0000000100000000)
  region size 1024K, 17 young (17408K), 7 survivors (7168K)
}
Event: 6.452 {heap After GC invocations=5 (full 0):
 garbage-first heap   total reserved 2066432K, committed 133120K, used 19605K [0x0000000081e00000, 0x0000000100000000)
  region size 1024K, 4 young (4096K), 4 survivors (4096K)
}

Metaspace Usage History (10 events):
Event: 1.518 {metaspace Before GC invocations=0 (full 0):
 Metaspace       used 9493K, committed 9664K, reserved 1114112K
  class space    used 846K, committed 896K, reserved 1048576K
}
Event: 1.531 {metaspace After GC invocations=1 (full 0):
 Metaspace       used 9493K, committed 9664K, reserved 1114112K
  class space    used 846K, committed 896K, reserved 1048576K
}
Event: 3.122 {metaspace Before GC invocations=1 (full 0):
 Metaspace       used 15290K, committed 15488K, reserved 1114112K
  class space    used 1455K, committed 1536K, reserved 1048576K
}
Event: 3.144 {metaspace After GC invocations=2 (full 0):
 Metaspace       used 15290K, committed 15488K, reserved 1114112K
  class space    used 1455K, committed 1536K, reserved 1048576K
}
Event: 4.193 {metaspace Before GC invocations=2 (full 0):
 Metaspace       used 15904K, committed 16128K, reserved 1114112K
  class space    used 1465K, committed 1536K, reserved 1048576K
}
Event: 4.211 {metaspace After GC invocations=3 (full 0):
 Metaspace       used 15904K, committed 16128K, reserved 1114112K
  class space    used 1465K, committed 1536K, reserved 1048576K
}
Event: 6.086 {metaspace Before GC invocations=3 (full 0):
 Metaspace       used 19781K, committed 20096K, reserved 1114112K
  class space    used 1762K, committed 1856K, reserved 1048576K
}
Event: 6.097 {metaspace After GC invocations=4 (full 0):
 Metaspace       used 19781K, committed 20096K, reserved 1114112K
  class space    used 1762K, committed 1856K, reserved 1048576K
}
Event: 6.438 {metaspace Before GC invocations=4 (full 0):
 Metaspace       used 21186K, committed 21504K, reserved 1114112K
  class space    used 1904K, committed 2048K, reserved 1048576K
}
Event: 6.452 {metaspace After GC invocations=5 (full 0):
 Metaspace       used 21186K, committed 21504K, reserved 1114112K
  class space    used 1904K, committed 2048K, reserved 1048576K
}

Dll operation events (7 events):
Event: 0.013 Loaded shared library C:\Program Files\Java\jdk-25\bin\java.dll
Event: 0.068 Loaded shared library C:\Program Files\Java\jdk-25\bin\net.dll
Event: 0.074 Loaded shared library C:\Program Files\Java\jdk-25\bin\nio.dll
Event: 0.082 Loaded shared library C:\Program Files\Java\jdk-25\bin\zip.dll
Event: 0.426 Loaded shared library C:\Users\User\.m2\wrapper\dists\apache-maven-3.9.12\6068d197\lib\jansi-native\Windows\x86_64\jansi.dll
Event: 0.426 Loaded shared library C:\Program Files\Java\jdk-25\bin\jimage.dll
Event: 0.449 Loaded shared library C:\Program Files\Java\jdk-25\bin\verify.dll

Deoptimization events (20 events):
Event: 8.181 Thread 0x0000019f7df8ae70 Uncommon trap: trap_request=0xffffff45 fr.pc=0x0000019f6c13d1dc relative=0x000000000000005c
Event: 8.181 Thread 0x0000019f7df8ae70 Uncommon trap: reason=unstable_if action=reinterpret pc=0x0000019f6c13d1dc method=org.apache.maven.plugin.surefire.report.StatelessXmlReporter.isIllegalEscape(I)Z @ 7 c2
Event: 8.181 Thread 0x0000019f7df8ae70 DEOPT PACKING pc=0x0000019f6c13d1dc sp=0x000000733c2ff240
Event: 8.181 Thread 0x0000019f7df8ae70 DEOPT UNPACKING pc=0x0000019f6bad1b82 sp=0x000000733c2ff178 mode 2
Event: 8.303 Thread 0x0000019f7df8ae70 Uncommon trap: trap_request=0xffffff5e fr.pc=0x0000019f6c1410a0 relative=0x00000000000007a0
Event: 8.303 Thread 0x0000019f7df8ae70 Uncommon trap: reason=speculate_class_check action=maybe_recompile pc=0x0000019f6c1410a0 method=java.nio.charset.CharsetEncoder.encode(Ljava/nio/CharBuffer;Ljava/nio/ByteBuffer;Z)Ljava/nio/charset/CoderResult; @ 57 c2
Event: 8.303 Thread 0x0000019f7df8ae70 DEOPT PACKING pc=0x0000019f6c1410a0 sp=0x000000733c2ff080
Event: 8.303 Thread 0x0000019f7df8ae70 DEOPT UNPACKING pc=0x0000019f6bad1b82 sp=0x000000733c2feeb0 mode 2
Event: 8.303 Thread 0x0000019f7df8ae70 Uncommon trap: trap_request=0xffffff5e fr.pc=0x0000019f6c1410a0 relative=0x00000000000007a0
Event: 8.303 Thread 0x0000019f7df8ae70 Uncommon trap: reason=speculate_class_check action=maybe_recompile pc=0x0000019f6c1410a0 method=java.nio.charset.CharsetEncoder.encode(Ljava/nio/CharBuffer;Ljava/nio/ByteBuffer;Z)Ljava/nio/charset/CoderResult; @ 57 c2
Event: 8.303 Thread 0x0000019f7df8ae70 DEOPT PACKING pc=0x0000019f6c1410a0 sp=0x000000733c2ff0f0
Event: 8.303 Thread 0x0000019f7df8ae70 DEOPT UNPACKING pc=0x0000019f6bad1b82 sp=0x000000733c2fef20 mode 2
Event: 9.604 Thread 0x0000019f7df8ae70 Uncommon trap: trap_request=0xffffff5e fr.pc=0x0000019f6c1410a0 relative=0x00000000000007a0
Event: 9.604 Thread 0x0000019f7df8ae70 Uncommon trap: reason=speculate_class_check action=maybe_recompile pc=0x0000019f6c1410a0 method=java.nio.charset.CharsetEncoder.encode(Ljava/nio/CharBuffer;Ljava/nio/ByteBuffer;Z)Ljava/nio/charset/CoderResult; @ 57 c2
Event: 9.604 Thread 0x0000019f7df8ae70 DEOPT PACKING pc=0x0000019f6c1410a0 sp=0x000000733c2ff080
Event: 9.604 Thread 0x0000019f7df8ae70 DEOPT UNPACKING pc=0x0000019f6bad1b82 sp=0x000000733c2feeb0 mode 2
Event: 9.604 Thread 0x0000019f7df8ae70 Uncommon trap: trap_request=0xffffff5e fr.pc=0x0000019f6c1410a0 relative=0x00000000000007a0
Event: 9.604 Thread 0x0000019f7df8ae70 Uncommon trap: reason=speculate_class_check action=maybe_recompile pc=0x0000019f6c1410a0 method=java.nio.charset.CharsetEncoder.encode(Ljava/nio/CharBuffer;Ljava/nio/ByteBuffer;Z)Ljava/nio/charset/CoderResult; @ 57 c2
Event: 9.604 Thread 0x0000019f7df8ae70 DEOPT PACKING pc=0x0000019f6c1410a0 sp=0x000000733c2ff0f0
Event: 9.604 Thread 0x0000019f7df8ae70 DEOPT UNPACKING pc=0x0000019f6bad1b82 sp=0x000000733c2fef20 mode 2

Classes loaded (20 events):
Event: 7.994 Loading class java/util/stream/Nodes$DoubleFixedNodeBuilder
Event: 7.994 Loading class java/util/stream/Node$Builder$OfDouble
Event: 7.995 Loading class java/util/stream/Sink$OfDouble
Event: 7.995 Loading class java/util/stream/Sink$OfDouble done
Event: 7.995 Loading class java/util/stream/Node$Builder$OfDouble done
Event: 7.995 Loading class java/util/stream/Nodes$DoubleArrayNode
Event: 7.995 Loading class java/util/stream/Nodes$DoubleArrayNode done
Event: 7.995 Loading class java/util/stream/Nodes$DoubleFixedNodeBuilder done
Event: 7.996 Loading class java/util/stream/ReferencePipeline$6$1
Event: 7.996 Loading class java/util/stream/ReferencePipeline$6$1 done
Event: 8.103 Loading class java/text/FieldPosition$Delegate
Event: 8.104 Loading class java/text/FieldPosition$Delegate done
Event: 8.104 Loading class java/text/DigitList$1
Event: 8.104 Loading class java/text/DigitList$1 done
Event: 8.105 Loading class java/util/concurrent/ConcurrentLinkedDeque$Itr
Event: 8.105 Loading class java/util/concurrent/ConcurrentLinkedDeque$AbstractItr
Event: 8.106 Loading class java/util/concurrent/ConcurrentLinkedDeque$AbstractItr done
Event: 8.106 Loading class java/util/concurrent/ConcurrentLinkedDeque$Itr done
Event: 8.112 Loading class java/io/PrintWriter
Event: 8.113 Loading class java/io/PrintWriter done

Classes unloaded (0 events):
No events

Classes redefined (0 events):
No events

Internal exceptions (20 events):
Event: 3.005 Thread 0x0000019f59864fb0 Exception <a 'java/lang/NoSuchMethodError'{0x0000000086690148}: 'void java.lang.invoke.DirectMethodHandle$Holder.invokeStatic(java.lang.Object, java.lang.Object, java.lang.Object, java.lang.Object)'> (0x0000000086690148) 
thrown [s\open\src\hotspot\share\interpreter\linkResolver.cpp, line 804]
Event: 4.410 Thread 0x0000019f59864fb0 Implicit null exception at 0x0000019f6bfd53cd to 0x0000019f6bfd55a4
Event: 4.411 Thread 0x0000019f59864fb0 Implicit null exception at 0x0000019f6bfcae4d to 0x0000019f6bfcb020
Event: 4.411 Thread 0x0000019f59864fb0 Implicit null exception at 0x0000019f6bfb7ea0 to 0x0000019f6bfb7f1d
Event: 4.529 Thread 0x0000019f59864fb0 Exception <a 'java/lang/NoSuchMethodError'{0x0000000088a65088}: 'java.lang.Object java.lang.invoke.DirectMethodHandle$Holder.newInvokeSpecial(java.lang.Object, java.lang.Object, java.lang.Object, java.lang.Object, java.lang.Object, java.lang.Object, java.lang.Object)'> (0x0000000088a65088) 
thrown [s\open\src\hotspot\share\interpreter\linkResolver.cpp, line 804]
Event: 4.699 Thread 0x0000019f59864fb0 Implicit null exception at 0x0000019f6c0cc533 to 0x0000019f6c0cc9f4
Event: 4.707 Thread 0x0000019f59864fb0 Exception <a 'java/lang/NoSuchMethodError'{0x000000008802aec8}: 'int java.lang.invoke.DirectMethodHandle$Holder.invokeVirtual(java.lang.Object, java.lang.Object)'> (0x000000008802aec8) 
thrown [s\open\src\hotspot\share\interpreter\linkResolver.cpp, line 804]
Event: 4.722 Thread 0x0000019f59864fb0 Implicit null exception at 0x0000019f6c0aafb9 to 0x0000019f6c0ab590
Event: 4.732 Thread 0x0000019f59864fb0 Exception <a 'java/lang/NoSuchMethodError'{0x0000000087f57a70}: 'void java.lang.invoke.Invokers$Holder.invokeExact_MT(java.lang.Object, java.lang.Object, int, java.lang.Object)'> (0x0000000087f57a70) 
thrown [s\open\src\hotspot\share\interpreter\linkResolver.cpp, line 804]
Event: 5.943 Thread 0x0000019f7e2fcfe0 Exception <a 'java/lang/NoSuchMethodError'{0x0000000085a2b630}: 'java.lang.Object java.lang.invoke.DirectMethodHandle$Holder.invokeStatic(java.lang.Object, long, java.lang.Object)'> (0x0000000085a2b630) 
thrown [s\open\src\hotspot\share\interpreter\linkResolver.cpp, line 804]
Event: 5.943 Thread 0x0000019f7e2fcfe0 Exception <a 'java/lang/NoSuchMethodError'{0x0000000085a334d0}: 'java.lang.Object java.lang.invoke.DirectMethodHandle$Holder.invokeStaticInit(java.lang.Object, long, java.lang.Object)'> (0x0000000085a334d0) 
thrown [s\open\src\hotspot\share\interpreter\linkResolver.cpp, line 804]
Event: 5.944 Thread 0x0000019f7e2fcfe0 Exception <a 'java/lang/NoSuchMethodError'{0x0000000085a42780}: 'java.lang.Object java.lang.invoke.DirectMethodHandle$Holder.newInvokeSpecial(java.lang.Object, long)'> (0x0000000085a42780) 
thrown [s\open\src\hotspot\share\interpreter\linkResolver.cpp, line 804]
Event: 5.949 Thread 0x0000019f7e2fcfe0 Exception <a 'java/lang/NoSuchMethodError'{0x0000000085a4c7e8}: 'long java.lang.invoke.DirectMethodHandle$Holder.invokeInterface(java.lang.Object, java.lang.Object)'> (0x0000000085a4c7e8) 
thrown [s\open\src\hotspot\share\interpreter\linkResolver.cpp, line 804]
Event: 5.951 Thread 0x0000019f7e2fcfe0 Exception <a 'java/lang/NoSuchMethodError'{0x0000000085a5ced0}: 'long java.lang.invoke.DelegatingMethodHandle$Holder.reinvoke_L(java.lang.Object, java.lang.Object)'> (0x0000000085a5ced0) 
thrown [s\open\src\hotspot\share\interpreter\linkResolver.cpp, line 804]
Event: 5.966 Thread 0x0000019f59864fb0 Exception <a 'java/lang/NoSuchMethodError'{0x00000000859443c8}: 'int java.lang.invoke.DirectMethodHandle$Holder.invokeInterface(java.lang.Object, java.lang.Object)'> (0x00000000859443c8) 
thrown [s\open\src\hotspot\share\interpreter\linkResolver.cpp, line 804]
Event: 5.999 Thread 0x0000019f59864fb0 Exception <a 'java/lang/NoSuchMethodError'{0x0000000085833a78}: 'java.lang.Object java.lang.invoke.DirectMethodHandle$Holder.invokeStaticInit(java.lang.Object, java.lang.Object, int, int, int, int)'> (0x0000000085833a78) 
thrown [s\open\src\hotspot\share\interpreter\linkResolver.cpp, line 804]
Event: 6.252 Thread 0x0000019f59864fb0 Exception <a 'java/lang/NoSuchMethodError'{0x00000000899eec28}: 'java.lang.Object java.lang.invoke.DirectMethodHandle$Holder.newInvokeSpecial(java.lang.Object, java.lang.Object, java.lang.Object, int)'> (0x00000000899eec28) 
thrown [s\open\src\hotspot\share\interpreter\linkResolver.cpp, line 804]
Event: 6.252 Thread 0x0000019f59864fb0 Exception <a 'java/lang/NoSuchMethodError'{0x00000000899f7930}: 'java.lang.Object java.lang.invoke.Invokers$Holder.linkToTargetMethod(java.lang.Object, java.lang.Object, int, java.lang.Object)'> (0x00000000899f7930) 
thrown [s\open\src\hotspot\share\interpreter\linkResolver.cpp, line 804]
Event: 6.412 Thread 0x0000019f59864fb0 Exception <a 'java/lang/NoSuchMethodError'{0x00000000895c35b8}: 'void java.lang.invoke.DirectMethodHandle$Holder.invokeStatic(java.lang.Object, long)'> (0x00000000895c35b8) 
thrown [s\open\src\hotspot\share\interpreter\linkResolver.cpp, line 804]
Event: 7.989 Thread 0x0000019f7df8ae70 Exception <a 'java/lang/NoSuchMethodError'{0x0000000085833c20}: 'double java.lang.invoke.DirectMethodHandle$Holder.invokeStatic(java.lang.Object, java.lang.Object)'> (0x0000000085833c20) 
thrown [s\open\src\hotspot\share\interpreter\linkResolver.cpp, line 804]

VM Operations (20 events):
Event: 6.280 Executing non-safepoint VM operation: HandshakeAllThreads (Deoptimize)
Event: 6.280 Executing non-safepoint VM operation: HandshakeAllThreads (Deoptimize) done
Event: 6.287 Executing non-safepoint VM operation: HandshakeAllThreads (Deoptimize)
Event: 6.287 Executing non-safepoint VM operation: HandshakeAllThreads (Deoptimize) done
Event: 6.309 Executing non-safepoint VM operation: HandshakeAllThreads (Deoptimize)
Event: 6.309 Executing non-safepoint VM operation: HandshakeAllThreads (Deoptimize) done
Event: 6.310 Executing non-safepoint VM operation: HandshakeAllThreads (Deoptimize)
Event: 6.310 Executing non-safepoint VM operation: HandshakeAllThreads (Deoptimize) done
Event: 6.365 Executing non-safepoint VM operation: HandshakeAllThreads (Deoptimize)
Event: 6.365 Executing non-safepoint VM operation: HandshakeAllThreads (Deoptimize) done
Event: 6.421 Executing non-safepoint VM operation: HandshakeAllThreads (Deoptimize)
Event: 6.421 Executing non-safepoint VM operation: HandshakeAllThreads (Deoptimize) done
Event: 6.438 Executing safepoint VM operation: CollectForMetadataAllocation (Metadata GC Threshold)
Event: 6.452 Executing safepoint VM operation: CollectForMetadataAllocation (Metadata GC Threshold) done
Event: 6.491 Executing safepoint VM operation: G1PauseRemark
Event: 6.499 Executing safepoint VM operation: G1PauseRemark done
Event: 6.513 Executing safepoint VM operation: G1PauseCleanup
Event: 6.513 Executing safepoint VM operation: G1PauseCleanup done
Event: 8.101 Executing non-safepoint VM operation: HandshakeAllThreads (Deoptimize)
Event: 8.101 Executing non-safepoint VM operation: HandshakeAllThreads (Deoptimize) done

Memory protections (0 events):
No events

Nmethod flushes (0 events):
No events

Events (20 events):
Event: 0.040 Thread 0x0000019f59864fb0 Thread added: 0x0000019f78930690
Event: 0.040 Thread 0x0000019f59864fb0 Thread added: 0x0000019f789337a0
Event: 0.040 Thread 0x0000019f59864fb0 Thread added: 0x0000019f7893ebf0
Event: 0.040 Thread 0x0000019f59864fb0 Thread added: 0x0000019f789433e0
Event: 0.061 Thread 0x0000019f59864fb0 Thread added: 0x0000019f78ac8d90
Event: 0.063 Thread 0x0000019f59864fb0 Thread added: 0x0000019f78acb560
Event: 0.416 Thread 0x0000019f59864fb0 Thread added: 0x0000019f78d262c0
Event: 0.453 Thread 0x0000019f78d262c0 Thread exited: 0x0000019f78d262c0
Event: 5.893 Thread 0x0000019f59864fb0 Thread added: 0x0000019f7e2fcfe0
Event: 5.952 Thread 0x0000019f7e2fcfe0 Thread exited: 0x0000019f7e2fcfe0
Event: 6.195 Thread 0x0000019f59864fb0 Thread added: 0x0000019f7db25460
Event: 6.200 Thread 0x0000019f789433e0 Thread added: 0x0000019f7d99e860
Event: 6.201 Thread 0x0000019f59864fb0 Thread added: 0x0000019f7d268c50
Event: 6.367 Thread 0x0000019f59864fb0 Thread added: 0x0000019f7df8ae70
Event: 6.455 Thread 0x0000019f59864fb0 Thread added: 0x0000019f7df8d580
Event: 6.455 Thread 0x0000019f59864fb0 Thread added: 0x0000019f7df8c5e0
Event: 6.470 Thread 0x0000019f59864fb0 Thread added: 0x0000019f7df8e520
Event: 7.811 Thread 0x0000019f7d99e860 Thread exited: 0x0000019f7d99e860
Event: 8.131 Thread 0x0000019f7893ebf0 Thread added: 0x0000019f7d9a0090
Event: 9.604 Thread 0x0000019f7d9a0090 Thread exited: 0x0000019f7d9a0090


Dynamic libraries:
0x00007ff769160000 - 0x00007ff769170000 	C:\Program Files\Java\jdk-25\bin\java.exe
0x00007fff8cb80000 - 0x00007fff8cde6000 	C:\WINDOWS\SYSTEM32\ntdll.dll
0x00007fff8bd80000 - 0x00007fff8be49000 	C:\WINDOWS\System32\KERNEL32.DLL
0x00007fff89d90000 - 0x00007fff8a18f000 	C:\WINDOWS\System32\KERNELBASE.dll
0x00007fff8a440000 - 0x00007fff8a58c000 	C:\WINDOWS\System32\ucrtbase.dll
0x00007fff82f80000 - 0x00007fff82f9e000 	C:\Program Files\Java\jdk-25\bin\VCRUNTIME140.dll
0x00007fff82f60000 - 0x00007fff82f77000 	C:\Program Files\Java\jdk-25\bin\jli.dll
0x00007fff8b970000 - 0x00007fff8bb36000 	C:\WINDOWS\System32\USER32.dll
0x00007fff75620000 - 0x00007fff758b1000 	C:\WINDOWS\WinSxS\amd64_microsoft.windows.common-controls_6595b64144ccf1df_6.0.26100.8972_none_3e0da176e32f9d4b\COMCTL32.dll
0x00007fff8c0d0000 - 0x00007fff8c179000 	C:\WINDOWS\System32\msvcrt.dll
0x00007fff8a660000 - 0x00007fff8a687000 	C:\WINDOWS\System32\win32u.dll
0x00007fff8be50000 - 0x00007fff8be7b000 	C:\WINDOWS\System32\GDI32.dll
0x00007fff8a250000 - 0x00007fff8a379000 	C:\WINDOWS\System32\gdi32full.dll
0x00007fff8a1a0000 - 0x00007fff8a243000 	C:\WINDOWS\System32\msvcp_win.dll
0x00007fff8bbd0000 - 0x00007fff8bc02000 	C:\WINDOWS\System32\IMM32.DLL
0x00007fff866e0000 - 0x00007fff866ec000 	C:\Program Files\Java\jdk-25\bin\vcruntime140_1.dll
0x00007fff73b80000 - 0x00007fff73c0d000 	C:\Program Files\Java\jdk-25\bin\msvcp140.dll
0x00007fff23730000 - 0x00007fff2458f000 	C:\Program Files\Java\jdk-25\bin\server\jvm.dll
0x00007fff8b8a0000 - 0x00007fff8b95c000 	C:\WINDOWS\System32\ADVAPI32.dll
0x00007fff8c3b0000 - 0x00007fff8c45a000 	C:\WINDOWS\System32\sechost.dll
0x00007fff8c480000 - 0x00007fff8c598000 	C:\WINDOWS\System32\RPCRT4.dll
0x00007fff8c040000 - 0x00007fff8c0c2000 	C:\WINDOWS\System32\WS2_32.dll
0x00007fff89bf0000 - 0x00007fff89c4e000 	C:\WINDOWS\SYSTEM32\POWRPROF.dll
0x00007fff755e0000 - 0x00007fff75616000 	C:\WINDOWS\SYSTEM32\WINMM.dll
0x00007fff82860000 - 0x00007fff8286b000 	C:\WINDOWS\SYSTEM32\VERSION.dll
0x00007fff89bd0000 - 0x00007fff89be5000 	C:\WINDOWS\SYSTEM32\UMPDC.dll
0x00007fff88a80000 - 0x00007fff88a9b000 	C:\WINDOWS\SYSTEM32\kernel.appcore.dll
0x00007fff82f50000 - 0x00007fff82f5a000 	C:\Program Files\Java\jdk-25\bin\jimage.dll
0x00007fff873c0000 - 0x00007fff87602000 	C:\WINDOWS\SYSTEM32\DBGHELP.DLL
0x00007fff8c7b0000 - 0x00007fff8cb35000 	C:\WINDOWS\System32\combase.dll
0x00007fff8be80000 - 0x00007fff8bf59000 	C:\WINDOWS\System32\OLEAUT32.dll
0x00007fff73d10000 - 0x00007fff73d4b000 	C:\WINDOWS\SYSTEM32\dbgcore.DLL
0x00007fff8a5a0000 - 0x00007fff8a64c000 	C:\WINDOWS\System32\bcryptPrimitives.dll
0x00007fff82f30000 - 0x00007fff82f4f000 	C:\Program Files\Java\jdk-25\bin\java.dll
0x00007fff8b670000 - 0x00007fff8b809000 	C:\WINDOWS\System32\ole32.dll
0x00007fff8aee0000 - 0x00007fff8b668000 	C:\WINDOWS\System32\SHELL32.dll
0x00007fff87880000 - 0x00007fff8811b000 	C:\WINDOWS\SYSTEM32\windows.storage.dll
0x00007fff8c690000 - 0x00007fff8c789000 	C:\WINDOWS\System32\SHCORE.dll
0x00007fff8a9c0000 - 0x00007fff8aa26000 	C:\WINDOWS\System32\shlwapi.dll
0x00007fff89cb0000 - 0x00007fff89cd9000 	C:\WINDOWS\SYSTEM32\profapi.dll
0x00007fff82b50000 - 0x00007fff82b62000 	C:\Program Files\Java\jdk-25\bin\net.dll
0x00007fff89030000 - 0x00007fff8909c000 	C:\WINDOWS\system32\mswsock.dll
0x00007fff82970000 - 0x00007fff82986000 	C:\Program Files\Java\jdk-25\bin\nio.dll
0x00007fff82890000 - 0x00007fff828a7000 	C:\Program Files\Java\jdk-25\bin\zip.dll
0x00007fff568c0000 - 0x00007fff568e4000 	C:\Users\User\.m2\wrapper\dists\apache-maven-3.9.12\6068d197\lib\jansi-native\Windows\x86_64\jansi.dll
0x00007fff82b40000 - 0x00007fff82b50000 	C:\Program Files\Java\jdk-25\bin\verify.dll
0x00007fff89320000 - 0x00007fff8933b000 	C:\WINDOWS\SYSTEM32\CRYPTSP.dll
0x00007fff889e0000 - 0x00007fff88a19000 	C:\WINDOWS\system32\rsaenh.dll
0x00007fff890e0000 - 0x00007fff89112000 	C:\WINDOWS\SYSTEM32\USERENV.dll
0x00007fff89c80000 - 0x00007fff89caa000 	C:\WINDOWS\SYSTEM32\bcrypt.dll
0x00007fff89340000 - 0x00007fff8934c000 	C:\WINDOWS\SYSTEM32\CRYPTBASE.dll
0x00007fff88450000 - 0x00007fff88483000 	C:\WINDOWS\SYSTEM32\IPHLPAPI.DLL
0x00007fff8aa30000 - 0x00007fff8aa3a000 	C:\WINDOWS\System32\NSI.dll

JVMTI agents: none

dbghelp: loaded successfully - version: 4.0.5 - missing functions: none
symbol engine: initialized successfully - sym options: 0x614 - pdb path: .;C:\Program Files\Java\jdk-25\bin;C:\WINDOWS\SYSTEM32;C:\WINDOWS\WinSxS\amd64_microsoft.windows.common-controls_6595b64144ccf1df_6.0.26100.8972_none_3e0da176e32f9d4b;C:\Program Files\Java\jdk-25\bin\server;C:\Users\User\.m2\wrapper\dists\apache-maven-3.9.12\6068d197\lib\jansi-native\Windows\x86_64

VM Arguments:
jvm_args: --add-opens=java.base/java.lang=ALL-UNNAMED --enable-native-access=ALL-UNNAMED -Dclassworlds.conf=C:/Users/User/.m2/wrapper/dists/apache-maven-3.9.12/6068d197/bin/m2.conf -Dmaven.home=C:/Users/User/.m2/wrapper/dists/apache-maven-3.9.12/6068d197 -Dlibrary.jansi.path=C:/Users/User/.m2/wrapper/dists/apache-maven-3.9.12/6068d197/lib/jansi-native -Dmaven.multiModuleProjectDirectory=C:/Users/User/Desktop/Member-Connect/Backend/member-connect-backend 
java_command: org.codehaus.plexus.classworlds.launcher.Launcher -o -q test -Dtest=!Grade5ScholarshipServiceTest#saveRequestShouldFlagDeviationWhenRequestFallsOutsideEligibilityWindow
java_class_path (initial): C:/Users/User/.m2/wrapper/dists/apache-maven-3.9.12/6068d197/boot/plexus-classworlds-2.9.0.jar
Launcher Type: SUN_STANDARD

[Global flags]
     intx CICompilerCount                          = 4                                         {product} {ergonomic}
     uint ConcGCThreads                            = 2                                         {product} {ergonomic}
     uint G1ConcRefinementThreads                  = 8                                         {product} {ergonomic}
   size_t G1HeapRegionSize                         = 1048576                                   {product} {ergonomic}
   size_t InitialHeapSize                          = 134217728                                 {product} {ergonomic}
   size_t MarkStackSize                            = 4194304                                   {product} {ergonomic}
   size_t MarkStackSizeMax                         = 536870912                                 {product} {ergonomic}
   size_t MaxHeapSize                              = 2116026368                                {product} {ergonomic}
   size_t MaxNewSize                               = 1268776960                                {product} {ergonomic}
   size_t MinHeapDeltaBytes                        = 1048576                                   {product} {ergonomic}
   size_t MinHeapSize                              = 8388608                                   {product} {ergonomic}
    uintx NonNMethodCodeHeapSize                   = 5832704                                {pd product} {ergonomic}
    uintx NonProfiledCodeHeapSize                  = 122945536                              {pd product} {ergonomic}
    uintx ProfiledCodeHeapSize                     = 122880000                              {pd product} {ergonomic}
    uintx ReservedCodeCacheSize                    = 251658240                              {pd product} {ergonomic}
     bool SegmentedCodeCache                       = true                                      {product} {ergonomic}
   size_t SoftMaxHeapSize                          = 2116026368                             {manageable} {ergonomic}
     bool UseCompressedOops                        = true                           {product lp64_product} {ergonomic}
     bool UseG1GC                                  = true                                      {product} {ergonomic}
     bool UseLargePagesIndividualAllocation        = false                                  {pd product} {ergonomic}

Logging:
Log output configuration:
 #0: stdout all=warning uptime,level,tags foldmultilines=false
 #1: stderr all=off uptime,level,tags foldmultilines=false

Release file:
IMPLEMENTOR="Oracle Corporation" 
JAVA_RUNTIME_VERSION="25.0.1+8-LTS-27" 
JAVA_VERSION="25.0.1" 
JAVA_VERSION_DATE="2025-10-21" 
LIBC="default" 
MODULES="java.base java.compiler java.datatransfer java.xml java.prefs java.desktop java.instrument java.logging java.management java.security.sasl java.naming java.rmi java.management.rmi java.net.http java.scripting java.security.jgss java.transaction.xa java.sql java.sql.rowset java.xml.crypto java.se java.smartcardio jdk.accessibility jdk.internal.jvmstat jdk.attach jdk.charsets jdk.internal.opt jdk.zipfs jdk.compiler jdk.crypto.cryptoki jdk.crypto.ec jdk.crypto.mscapi jdk.dynalink jdk.internal.ed jdk.editpad jdk.internal.vm.ci jdk.graal.compiler jdk.graal.compiler.management jdk.hotspot.agent jdk.httpserver jdk.incubator.vector jdk.internal.le jdk.internal.md jdk.jartool jdk.javadoc jdk.jcmd jdk.management jdk.management.agent jdk.jconsole jdk.jdeps jdk.jdwp.agent jdk.jdi jdk.jfr jdk.jlink jdk.jpackage jdk.jshell jdk.jsobject jdk.jstatd jdk.localedata jdk.management.jfr jdk.naming.dns jdk.naming.rmi jdk.net jdk.nio.mapmode jdk.sctp jdk.security.auth jdk.security.jgss jdk.unsupported jdk.unsupported.desktop jdk.xml.dom" 
OS_ARCH="x86_64" 
OS_NAME="Windows" 
SOURCE=".:git:862c85bc42b7 open:git:78770bfaefd2" 

Environment Variables:
JAVA_HOME=C:/Program Files/Java/jdk-25
PATH=C:\Users\User\bin;C:\Program Files\Git\mingw64\bin;C:\Program Files\Git\usr\local\bin;C:\Program Files\Git\usr\bin;C:\Program Files\Git\usr\bin;C:\Program Files\Git\mingw64\bin;C:\Program Files\Git\usr\bin;C:\Users\User\bin;C:\Program Files\Common Files\Oracle\Java\javapath;C:\WINDOWS\system32;C:\WINDOWS;C:\WINDOWS\System32\Wbem;C:\WINDOWS\System32\WindowsPowerShell\v1.0;C:\WINDOWS\System32\OpenSSH;C:\Program Files\Git\cmd;C:\Program Files\nodejs;C:\Program Files\nodejs;C:\Program Files\Java\jdk-25\bin;C:\Program Files\apache-maven-3.9.11\bin;C:\Program Files\apache-maven-3.9.11\bin;C:\Program Files\PostgreSQL\18\bin;C:\Program Files\Microsoft SQL Server\Client SDK\ODBC\170\Tools\Binn;C:\Program Files (x86)\Microsoft SQL Server\150\Tools\Binn;C:\Program Files\Microsoft SQL Server\150\Tools\Binn;C:\Program Files\Microsoft SQL Server\150\DTS\Binn;C:\Program Files (x86)\Microsoft SQL Server\150\DTS\Binn;C:\Program Files\Azure Data Studio\bin;C:\Users\User\AppData\Local\Microsoft\WindowsApps;C:\Users\User\AppData\Local\Programs\Microsoft VS Code\bin;C:\Users\User\AppData\Roaming\npm;C:\Program Files\Azure Data Studio\bin;C:\Users\User\AppData\Local\Programs\Antigravity IDE\bin;C:\Program Files\Git\usr\bin\vendor_perl;C:\Program Files\Git\usr\bin\core_perl
USERNAME=User
SHELL=C:\Program Files\Git\usr\bin\bash.exe
TERM=xterm-256color
OS=Windows_NT
PROCESSOR_IDENTIFIER=Intel64 Family 6 Model 142 Stepping 10, GenuineIntel
TMP=C:\Users\User\AppData\Local\Temp
TEMP=C:\Users\User\AppData\Local\Temp




Compilation memory statistics disabled.

Periodic native trim disabled

---------------  S Y S T E M  ---------------

OS:
 Windows 11 , 64 bit Build 26100 (10.0.26100.9168)
OS uptime: 5 days 4:03 hours

CPU: total 8 (initial active 8) (4 cores per cpu, 2 threads per core) family 6 model 142 stepping 10 microcode 0xe0, cx8, cmov, fxsr, ht, mmx, 3dnowpref, sse, sse2, sse3, ssse3, sse4.1, sse4.2, popcnt, lzcnt, tsc, tscinvbit, avx, avx2, aes, erms, clmul, bmi1, bmi2, adx, fma, vzeroupper, clflush, clflushopt, rdtscp, f16c
Processor Information for the first 8 processors :
  Max Mhz: 1800, Current Mhz: 1600, Mhz Limit: 1584

Memory: 4k page, system-wide physical 8070M (422M free)
TotalPageFile size 32646M (AvailPageFile size 9M)
current process WorkingSet (physical memory assigned to process): 168M, peak: 224M
current process commit charge ("private bytes"): 210M, peak: 278M

vm_info: Java HotSpot(TM) 64-Bit Server VM (25.0.1+8-LTS-27) for windows-amd64 JRE (25.0.1+8-LTS-27), built on 2025-09-25T16:41:16Z with unknown MS VC++:1943

END.
