#
# There is insufficient memory for the Java Runtime Environment to continue.
# Native memory allocation (malloc) failed to allocate 1330392 bytes. Error detail: Chunk::new
# Possible reasons:
#   The system is out of physical RAM or swap space
#   This process is running with CompressedOops enabled, and the Java Heap may be blocking the growth of the native heap
# Possible solutions:
#   Reduce memory load on the system
#   Increase physical memory or swap space
#   Check if swap backing store is full
#   Decrease Java heap size (-Xmx/-Xms)
#   Decrease number of Java threads
#   Decrease Java thread stack sizes (-Xss)
#   Set larger code cache with -XX:ReservedCodeCacheSize=
#   JVM is running with Unscaled Compressed Oops mode in which the Java heap is
#     placed in the first 4GB address space. The Java Heap base address is the
#     maximum limit for the native heap growth. Please use -XX:HeapBaseMinAddress
#     to set the Java Heap base and to place the Java Heap above 4GB virtual address.
# This output file may be truncated or incomplete.
#
#  Out of Memory Error (arena.cpp:186), pid=11832, tid=13644
#
# JRE version: Java(TM) SE Runtime Environment (25.0.1+8) (build 25.0.1+8-LTS-27)
# Java VM: Java HotSpot(TM) 64-Bit Server VM (25.0.1+8-LTS-27, mixed mode, sharing, tiered, compressed oops, compressed class ptrs, g1 gc, windows-amd64)
# No core dump will be written. Minidumps are not enabled by default on client versions of Windows
#

---------------  S U M M A R Y ------------

Command Line: C:\Users\User\AppData\Local\Temp\surefire17601392777765907678\surefirebooter-20260819185914360_3.jar C:\Users\User\AppData\Local\Temp\surefire17601392777765907678 2026-08-19T18-59-14_130-jvmRun1 surefire-20260819185914360_1tmp surefire_0-20260819185914360_2tmp

Host: Intel(R) Core(TM) i5-8250U CPU @ 1.60GHz, 8 cores, 7G,  Windows 11 , 64 bit Build 26100 (10.0.26100.9168)
Time: Wed Aug 19 18:59:17 2026 Sri Lanka Standard Time elapsed time: 2.552611 seconds (0d 0h 0m 2s)

---------------  T H R E A D  ---------------

Current thread (0x000002946485c240):  JavaThread "C2 CompilerThread0" daemon [_thread_in_native, id=13644, stack(0x000000e686100000,0x000000e686200000) (1024K)]


Current CompileTask:
C2:2552 1927   !   4       java.util.concurrent.ConcurrentHashMap::putVal (432 bytes)

Stack: [0x000000e686100000,0x000000e686200000]
Native frames: (J=compiled Java code, j=interpreted, Vv=VM code, C=native code)
V  [jvm.dll+0x7a6b59]  (no source info available)
V  [jvm.dll+0x77290d]  (no source info available)
V  [jvm.dll+0x966153]  (no source info available)
V  [jvm.dll+0x968751]  (no source info available)
V  [jvm.dll+0x968e53]  (no source info available)
V  [jvm.dll+0x2fc756]  (no source info available)
V  [jvm.dll+0x111b26]  (no source info available)
V  [jvm.dll+0x111e4e]  (no source info available)
V  [jvm.dll+0x1a0a22]  (no source info available)
V  [jvm.dll+0x3b53c2]  (no source info available)
V  [jvm.dll+0x7ac4ef]  (no source info available)
V  [jvm.dll+0x2c0ac7]  (no source info available)
V  [jvm.dll+0x2bfa8f]  (no source info available)
V  [jvm.dll+0x237b60]  (no source info available)
V  [jvm.dll+0x2cfb56]  (no source info available)
V  [jvm.dll+0x2cddd5]  (no source info available)
V  [jvm.dll+0x48e6d1]  (no source info available)
V  [jvm.dll+0x906a0d]  (no source info available)
V  [jvm.dll+0x7a5135]  (no source info available)
C  [ucrtbase.dll+0x2cd30]  (no source info available)
C  [KERNEL32.DLL+0x2ccb7]  (no source info available)
C  [ntdll.dll+0xaad6c]  (no source info available)

Lock stack of current Java thread (top to bottom):


---------------  P R O C E S S  ---------------

Threads class SMR info:
_java_thread_list=0x000002946951bff0, length=13, elements={
0x0000029445741d20, 0x0000029464845cd0, 0x00000294648465e0, 0x0000029464849460,
0x00000294646eb930, 0x000002946484d0e0, 0x000002946484c140, 0x000002946485c240,
0x000002946486fd10, 0x0000029464850790, 0x0000029464852ea0, 0x0000029464851f00,
0x0000029464853670
}

Java Threads: ( => current thread )
  0x0000029445741d20 JavaThread "main"                              [_thread_in_vm, id=12932, stack(0x000000e685300000,0x000000e685400000) (1024K)]
  0x0000029464845cd0 JavaThread "Reference Handler"          daemon [_thread_blocked, id=4644, stack(0x000000e685b00000,0x000000e685c00000) (1024K)]
  0x00000294648465e0 JavaThread "Finalizer"                  daemon [_thread_blocked, id=1880, stack(0x000000e685c00000,0x000000e685d00000) (1024K)]
  0x0000029464849460 JavaThread "Signal Dispatcher"          daemon [_thread_blocked, id=11968, stack(0x000000e685d00000,0x000000e685e00000) (1024K)]
  0x00000294646eb930 JavaThread "Attach Listener"            daemon [_thread_blocked, id=9672, stack(0x000000e685e00000,0x000000e685f00000) (1024K)]
  0x000002946484d0e0 JavaThread "Service Thread"             daemon [_thread_blocked, id=19420, stack(0x000000e685f00000,0x000000e686000000) (1024K)]
  0x000002946484c140 JavaThread "Monitor Deflation Thread"   daemon [_thread_blocked, id=21212, stack(0x000000e686000000,0x000000e686100000) (1024K)]
=>0x000002946485c240 JavaThread "C2 CompilerThread0"         daemon [_thread_in_native, id=13644, stack(0x000000e686100000,0x000000e686200000) (1024K)]
  0x000002946486fd10 JavaThread "C1 CompilerThread0"         daemon [_thread_blocked, id=14184, stack(0x000000e686200000,0x000000e686300000) (1024K)]
  0x0000029464850790 JavaThread "Notification Thread"        daemon [_thread_blocked, id=2156, stack(0x000000e686300000,0x000000e686400000) (1024K)]
  0x0000029464852ea0 JavaThread "Common-Cleaner"             daemon [_thread_blocked, id=18656, stack(0x000000e686400000,0x000000e686500000) (1024K)]
  0x0000029464851f00 JavaThread "surefire-forkedjvm-stream-flusher" daemon [_thread_blocked, id=14780, stack(0x000000e686500000,0x000000e686600000) (1024K)]
  0x0000029464853670 JavaThread "surefire-forkedjvm-command-thread" daemon [_thread_in_native, id=22664, stack(0x000000e686600000,0x000000e686700000) (1024K)]
Total: 13

Other Threads:
  0x0000029464836df0 VMThread "VM Thread"                           [id=25120, stack(0x000000e685a00000,0x000000e685b00000) (1024K)]
  0x0000029464820c00 WatcherThread "VM Periodic Task Thread"        [id=5336, stack(0x000000e685900000,0x000000e685a00000) (1024K)]
  0x0000029445adba30 WorkerThread "GC Thread#0"                     [id=14684, stack(0x000000e685400000,0x000000e685500000) (1024K)]
  0x0000029445af5c60 ConcurrentGCThread "G1 Main Marker"            [id=14816, stack(0x000000e685500000,0x000000e685600000) (1024K)]
  0x0000029445af8eb0 WorkerThread "G1 Conc#0"                       [id=16712, stack(0x000000e685600000,0x000000e685700000) (1024K)]
  0x0000029445b3e530 ConcurrentGCThread "G1 Refine#0"               [id=17856, stack(0x000000e685700000,0x000000e685800000) (1024K)]
  0x00000294646e80d0 ConcurrentGCThread "G1 Service"                [id=3728, stack(0x000000e685800000,0x000000e685900000) (1024K)]
Total: 7

Threads with active compile tasks:
C2 CompilerThread0  2629 1927   !   4       java.util.concurrent.ConcurrentHashMap::putVal (432 bytes)
Total: 1

VM state: not at safepoint (normal execution)

VM Mutex/Monitor currently owned by a thread: None

Heap address: 0x0000000081e00000, size: 2018 MB, Compressed Oops mode: 32-bit

CDS archive(s) mapped at: [0x0000000030000000-0x0000000030dd0000-0x0000000030dd0000), size 14483456, SharedBaseAddress: 0x0000000030000000, ArchiveRelocationMode: 1.
Compressed class space mapped at: 0x0000000031000000-0x0000000071000000, reserved size: 1073741824
UseCompressedClassPointers 1, UseCompactObjectHeaders 0
Narrow klass pointer bits 32, Max shift 3
Narrow klass base: 0x0000000030000000, Narrow klass shift: 0
Encoding Range: [0x0000000030000000 - 0x0000000130000000), (4294967296 bytes)
Klass Range:    [0x0000000030010000 - 0x0000000071000000), (1090453504 bytes)
Klass ID Range:  [65536 - 1090519033) (1090453497)
Protection zone: [0x0000000030000000 - 0x0000000030010000), (65536 bytes)

GC Precious Log:
 CardTable entry size: 512
 Card Set container configuration: InlinePtr #cards 5 size 8 Array Of Cards #cards 10 size 36 Howl #buckets 4 coarsen threshold 1843 Howl Bitmap #cards 512 size 80 coarsen threshold 460 Card regions per heap region 1 cards per card region 2048
 CPUs: 8 total, 8 available
 Memory: 8070M
 Large Page Support: Disabled
 NUMA Support: Disabled
 Compressed Oops: Enabled (32-bit)
 Heap Region Size: 1M
 Heap Min Capacity: 8M
 Heap Initial Capacity: 128M
 Heap Max Capacity: 2018M
 Pre-touch: Disabled
 Parallel Workers: 8
 Concurrent Workers: 2
 Concurrent Refinement Workers: 8
 Periodic GC: Disabled

Heap:
 garbage-first heap   total reserved 2066432K, committed 133120K, used 40085K [0x0000000081e00000, 0x0000000100000000)
  region size 1024K, 37 young (37888K), 0 survivors (0K)

Heap Regions: E=young(eden), S=young(survivor), O=old, HS=humongous(starts), HC=humongous(continues), CS=collection set, F=free, TAMS=top-at-mark-start, PB=parsable bottom
|   0|0x0000000081e00000, 0x0000000081f00000, 0x0000000081f00000|100%|HS|  |TAMS 0x0000000081e00000| PB 0x0000000081e00000| Complete |  0
|   1|0x0000000081f00000, 0x0000000082000000, 0x0000000082000000|100%|HS|  |TAMS 0x0000000081f00000| PB 0x0000000081f00000| Complete |  0
|   2|0x0000000082000000, 0x0000000082000000, 0x0000000082100000|  0%| F|  |TAMS 0x0000000082000000| PB 0x0000000082000000| Untracked |  0
|   3|0x0000000082100000, 0x0000000082100000, 0x0000000082200000|  0%| F|  |TAMS 0x0000000082100000| PB 0x0000000082100000| Untracked |  0
|   4|0x0000000082200000, 0x0000000082200000, 0x0000000082300000|  0%| F|  |TAMS 0x0000000082200000| PB 0x0000000082200000| Untracked |  0
|   5|0x0000000082300000, 0x0000000082300000, 0x0000000082400000|  0%| F|  |TAMS 0x0000000082300000| PB 0x0000000082300000| Untracked |  0
|   6|0x0000000082400000, 0x0000000082400000, 0x0000000082500000|  0%| F|  |TAMS 0x0000000082400000| PB 0x0000000082400000| Untracked |  0
|   7|0x0000000082500000, 0x0000000082500000, 0x0000000082600000|  0%| F|  |TAMS 0x0000000082500000| PB 0x0000000082500000| Untracked |  0
|   8|0x0000000082600000, 0x0000000082600000, 0x0000000082700000|  0%| F|  |TAMS 0x0000000082600000| PB 0x0000000082600000| Untracked |  0
|   9|0x0000000082700000, 0x0000000082700000, 0x0000000082800000|  0%| F|  |TAMS 0x0000000082700000| PB 0x0000000082700000| Untracked |  0
|  10|0x0000000082800000, 0x0000000082800000, 0x0000000082900000|  0%| F|  |TAMS 0x0000000082800000| PB 0x0000000082800000| Untracked |  0
|  11|0x0000000082900000, 0x0000000082900000, 0x0000000082a00000|  0%| F|  |TAMS 0x0000000082900000| PB 0x0000000082900000| Untracked |  0
|  12|0x0000000082a00000, 0x0000000082a00000, 0x0000000082b00000|  0%| F|  |TAMS 0x0000000082a00000| PB 0x0000000082a00000| Untracked |  0
|  13|0x0000000082b00000, 0x0000000082b00000, 0x0000000082c00000|  0%| F|  |TAMS 0x0000000082b00000| PB 0x0000000082b00000| Untracked |  0
|  14|0x0000000082c00000, 0x0000000082c00000, 0x0000000082d00000|  0%| F|  |TAMS 0x0000000082c00000| PB 0x0000000082c00000| Untracked |  0
|  15|0x0000000082d00000, 0x0000000082d00000, 0x0000000082e00000|  0%| F|  |TAMS 0x0000000082d00000| PB 0x0000000082d00000| Untracked |  0
|  16|0x0000000082e00000, 0x0000000082e00000, 0x0000000082f00000|  0%| F|  |TAMS 0x0000000082e00000| PB 0x0000000082e00000| Untracked |  0
|  17|0x0000000082f00000, 0x0000000082f00000, 0x0000000083000000|  0%| F|  |TAMS 0x0000000082f00000| PB 0x0000000082f00000| Untracked |  0
|  18|0x0000000083000000, 0x0000000083000000, 0x0000000083100000|  0%| F|  |TAMS 0x0000000083000000| PB 0x0000000083000000| Untracked |  0
|  19|0x0000000083100000, 0x0000000083100000, 0x0000000083200000|  0%| F|  |TAMS 0x0000000083100000| PB 0x0000000083100000| Untracked |  0
|  20|0x0000000083200000, 0x0000000083200000, 0x0000000083300000|  0%| F|  |TAMS 0x0000000083200000| PB 0x0000000083200000| Untracked |  0
|  21|0x0000000083300000, 0x0000000083300000, 0x0000000083400000|  0%| F|  |TAMS 0x0000000083300000| PB 0x0000000083300000| Untracked |  0
|  22|0x0000000083400000, 0x0000000083400000, 0x0000000083500000|  0%| F|  |TAMS 0x0000000083400000| PB 0x0000000083400000| Untracked |  0
|  23|0x0000000083500000, 0x0000000083500000, 0x0000000083600000|  0%| F|  |TAMS 0x0000000083500000| PB 0x0000000083500000| Untracked |  0
|  24|0x0000000083600000, 0x0000000083600000, 0x0000000083700000|  0%| F|  |TAMS 0x0000000083600000| PB 0x0000000083600000| Untracked |  0
|  25|0x0000000083700000, 0x0000000083700000, 0x0000000083800000|  0%| F|  |TAMS 0x0000000083700000| PB 0x0000000083700000| Untracked |  0
|  26|0x0000000083800000, 0x0000000083800000, 0x0000000083900000|  0%| F|  |TAMS 0x0000000083800000| PB 0x0000000083800000| Untracked |  0
|  27|0x0000000083900000, 0x0000000083900000, 0x0000000083a00000|  0%| F|  |TAMS 0x0000000083900000| PB 0x0000000083900000| Untracked |  0
|  28|0x0000000083a00000, 0x0000000083a00000, 0x0000000083b00000|  0%| F|  |TAMS 0x0000000083a00000| PB 0x0000000083a00000| Untracked |  0
|  29|0x0000000083b00000, 0x0000000083b00000, 0x0000000083c00000|  0%| F|  |TAMS 0x0000000083b00000| PB 0x0000000083b00000| Untracked |  0
|  30|0x0000000083c00000, 0x0000000083c00000, 0x0000000083d00000|  0%| F|  |TAMS 0x0000000083c00000| PB 0x0000000083c00000| Untracked |  0
|  31|0x0000000083d00000, 0x0000000083d00000, 0x0000000083e00000|  0%| F|  |TAMS 0x0000000083d00000| PB 0x0000000083d00000| Untracked |  0
|  32|0x0000000083e00000, 0x0000000083e00000, 0x0000000083f00000|  0%| F|  |TAMS 0x0000000083e00000| PB 0x0000000083e00000| Untracked |  0
|  33|0x0000000083f00000, 0x0000000083f00000, 0x0000000084000000|  0%| F|  |TAMS 0x0000000083f00000| PB 0x0000000083f00000| Untracked |  0
|  34|0x0000000084000000, 0x0000000084000000, 0x0000000084100000|  0%| F|  |TAMS 0x0000000084000000| PB 0x0000000084000000| Untracked |  0
|  35|0x0000000084100000, 0x0000000084100000, 0x0000000084200000|  0%| F|  |TAMS 0x0000000084100000| PB 0x0000000084100000| Untracked |  0
|  36|0x0000000084200000, 0x0000000084200000, 0x0000000084300000|  0%| F|  |TAMS 0x0000000084200000| PB 0x0000000084200000| Untracked |  0
|  37|0x0000000084300000, 0x0000000084300000, 0x0000000084400000|  0%| F|  |TAMS 0x0000000084300000| PB 0x0000000084300000| Untracked |  0
|  38|0x0000000084400000, 0x0000000084400000, 0x0000000084500000|  0%| F|  |TAMS 0x0000000084400000| PB 0x0000000084400000| Untracked |  0
|  39|0x0000000084500000, 0x0000000084500000, 0x0000000084600000|  0%| F|  |TAMS 0x0000000084500000| PB 0x0000000084500000| Untracked |  0
|  40|0x0000000084600000, 0x0000000084600000, 0x0000000084700000|  0%| F|  |TAMS 0x0000000084600000| PB 0x0000000084600000| Untracked |  0
|  41|0x0000000084700000, 0x0000000084700000, 0x0000000084800000|  0%| F|  |TAMS 0x0000000084700000| PB 0x0000000084700000| Untracked |  0
|  42|0x0000000084800000, 0x0000000084800000, 0x0000000084900000|  0%| F|  |TAMS 0x0000000084800000| PB 0x0000000084800000| Untracked |  0
|  43|0x0000000084900000, 0x0000000084900000, 0x0000000084a00000|  0%| F|  |TAMS 0x0000000084900000| PB 0x0000000084900000| Untracked |  0
|  44|0x0000000084a00000, 0x0000000084a00000, 0x0000000084b00000|  0%| F|  |TAMS 0x0000000084a00000| PB 0x0000000084a00000| Untracked |  0
|  45|0x0000000084b00000, 0x0000000084b00000, 0x0000000084c00000|  0%| F|  |TAMS 0x0000000084b00000| PB 0x0000000084b00000| Untracked |  0
|  46|0x0000000084c00000, 0x0000000084c00000, 0x0000000084d00000|  0%| F|  |TAMS 0x0000000084c00000| PB 0x0000000084c00000| Untracked |  0
|  47|0x0000000084d00000, 0x0000000084d00000, 0x0000000084e00000|  0%| F|  |TAMS 0x0000000084d00000| PB 0x0000000084d00000| Untracked |  0
|  48|0x0000000084e00000, 0x0000000084e00000, 0x0000000084f00000|  0%| F|  |TAMS 0x0000000084e00000| PB 0x0000000084e00000| Untracked |  0
|  49|0x0000000084f00000, 0x0000000084f00000, 0x0000000085000000|  0%| F|  |TAMS 0x0000000084f00000| PB 0x0000000084f00000| Untracked |  0
|  50|0x0000000085000000, 0x0000000085000000, 0x0000000085100000|  0%| F|  |TAMS 0x0000000085000000| PB 0x0000000085000000| Untracked |  0
|  51|0x0000000085100000, 0x0000000085100000, 0x0000000085200000|  0%| F|  |TAMS 0x0000000085100000| PB 0x0000000085100000| Untracked |  0
|  52|0x0000000085200000, 0x0000000085200000, 0x0000000085300000|  0%| F|  |TAMS 0x0000000085200000| PB 0x0000000085200000| Untracked |  0
|  53|0x0000000085300000, 0x0000000085300000, 0x0000000085400000|  0%| F|  |TAMS 0x0000000085300000| PB 0x0000000085300000| Untracked |  0
|  54|0x0000000085400000, 0x0000000085400000, 0x0000000085500000|  0%| F|  |TAMS 0x0000000085400000| PB 0x0000000085400000| Untracked |  0
|  55|0x0000000085500000, 0x0000000085500000, 0x0000000085600000|  0%| F|  |TAMS 0x0000000085500000| PB 0x0000000085500000| Untracked |  0
|  56|0x0000000085600000, 0x0000000085600000, 0x0000000085700000|  0%| F|  |TAMS 0x0000000085600000| PB 0x0000000085600000| Untracked |  0
|  57|0x0000000085700000, 0x0000000085700000, 0x0000000085800000|  0%| F|  |TAMS 0x0000000085700000| PB 0x0000000085700000| Untracked |  0
|  58|0x0000000085800000, 0x0000000085800000, 0x0000000085900000|  0%| F|  |TAMS 0x0000000085800000| PB 0x0000000085800000| Untracked |  0
|  59|0x0000000085900000, 0x0000000085900000, 0x0000000085a00000|  0%| F|  |TAMS 0x0000000085900000| PB 0x0000000085900000| Untracked |  0
|  60|0x0000000085a00000, 0x0000000085a00000, 0x0000000085b00000|  0%| F|  |TAMS 0x0000000085a00000| PB 0x0000000085a00000| Untracked |  0
|  61|0x0000000085b00000, 0x0000000085b00000, 0x0000000085c00000|  0%| F|  |TAMS 0x0000000085b00000| PB 0x0000000085b00000| Untracked |  0
|  62|0x0000000085c00000, 0x0000000085c00000, 0x0000000085d00000|  0%| F|  |TAMS 0x0000000085c00000| PB 0x0000000085c00000| Untracked |  0
|  63|0x0000000085d00000, 0x0000000085d00000, 0x0000000085e00000|  0%| F|  |TAMS 0x0000000085d00000| PB 0x0000000085d00000| Untracked |  0
|  64|0x0000000085e00000, 0x0000000085e00000, 0x0000000085f00000|  0%| F|  |TAMS 0x0000000085e00000| PB 0x0000000085e00000| Untracked |  0
|  65|0x0000000085f00000, 0x0000000085f00000, 0x0000000086000000|  0%| F|  |TAMS 0x0000000085f00000| PB 0x0000000085f00000| Untracked |  0
|  66|0x0000000086000000, 0x0000000086000000, 0x0000000086100000|  0%| F|  |TAMS 0x0000000086000000| PB 0x0000000086000000| Untracked |  0
|  67|0x0000000086100000, 0x0000000086100000, 0x0000000086200000|  0%| F|  |TAMS 0x0000000086100000| PB 0x0000000086100000| Untracked |  0
|  68|0x0000000086200000, 0x0000000086200000, 0x0000000086300000|  0%| F|  |TAMS 0x0000000086200000| PB 0x0000000086200000| Untracked |  0
|  69|0x0000000086300000, 0x0000000086300000, 0x0000000086400000|  0%| F|  |TAMS 0x0000000086300000| PB 0x0000000086300000| Untracked |  0
|  70|0x0000000086400000, 0x0000000086400000, 0x0000000086500000|  0%| F|  |TAMS 0x0000000086400000| PB 0x0000000086400000| Untracked |  0
|  71|0x0000000086500000, 0x0000000086500000, 0x0000000086600000|  0%| F|  |TAMS 0x0000000086500000| PB 0x0000000086500000| Untracked |  0
|  72|0x0000000086600000, 0x0000000086600000, 0x0000000086700000|  0%| F|  |TAMS 0x0000000086600000| PB 0x0000000086600000| Untracked |  0
|  73|0x0000000086700000, 0x0000000086700000, 0x0000000086800000|  0%| F|  |TAMS 0x0000000086700000| PB 0x0000000086700000| Untracked |  0
|  74|0x0000000086800000, 0x0000000086800000, 0x0000000086900000|  0%| F|  |TAMS 0x0000000086800000| PB 0x0000000086800000| Untracked |  0
|  75|0x0000000086900000, 0x0000000086900000, 0x0000000086a00000|  0%| F|  |TAMS 0x0000000086900000| PB 0x0000000086900000| Untracked |  0
|  76|0x0000000086a00000, 0x0000000086a00000, 0x0000000086b00000|  0%| F|  |TAMS 0x0000000086a00000| PB 0x0000000086a00000| Untracked |  0
|  77|0x0000000086b00000, 0x0000000086b00000, 0x0000000086c00000|  0%| F|  |TAMS 0x0000000086b00000| PB 0x0000000086b00000| Untracked |  0
|  78|0x0000000086c00000, 0x0000000086c00000, 0x0000000086d00000|  0%| F|  |TAMS 0x0000000086c00000| PB 0x0000000086c00000| Untracked |  0
|  79|0x0000000086d00000, 0x0000000086d00000, 0x0000000086e00000|  0%| F|  |TAMS 0x0000000086d00000| PB 0x0000000086d00000| Untracked |  0
|  80|0x0000000086e00000, 0x0000000086e00000, 0x0000000086f00000|  0%| F|  |TAMS 0x0000000086e00000| PB 0x0000000086e00000| Untracked |  0
|  81|0x0000000086f00000, 0x0000000086f00000, 0x0000000087000000|  0%| F|  |TAMS 0x0000000086f00000| PB 0x0000000086f00000| Untracked |  0
|  82|0x0000000087000000, 0x0000000087000000, 0x0000000087100000|  0%| F|  |TAMS 0x0000000087000000| PB 0x0000000087000000| Untracked |  0
|  83|0x0000000087100000, 0x0000000087100000, 0x0000000087200000|  0%| F|  |TAMS 0x0000000087100000| PB 0x0000000087100000| Untracked |  0
|  84|0x0000000087200000, 0x0000000087200000, 0x0000000087300000|  0%| F|  |TAMS 0x0000000087200000| PB 0x0000000087200000| Untracked |  0
|  85|0x0000000087300000, 0x0000000087300000, 0x0000000087400000|  0%| F|  |TAMS 0x0000000087300000| PB 0x0000000087300000| Untracked |  0
|  86|0x0000000087400000, 0x0000000087400000, 0x0000000087500000|  0%| F|  |TAMS 0x0000000087400000| PB 0x0000000087400000| Untracked |  0
|  87|0x0000000087500000, 0x0000000087500000, 0x0000000087600000|  0%| F|  |TAMS 0x0000000087500000| PB 0x0000000087500000| Untracked |  0
|  88|0x0000000087600000, 0x0000000087600000, 0x0000000087700000|  0%| F|  |TAMS 0x0000000087600000| PB 0x0000000087600000| Untracked |  0
|  89|0x0000000087700000, 0x0000000087700000, 0x0000000087800000|  0%| F|  |TAMS 0x0000000087700000| PB 0x0000000087700000| Untracked |  0
|  90|0x0000000087800000, 0x0000000087800000, 0x0000000087900000|  0%| F|  |TAMS 0x0000000087800000| PB 0x0000000087800000| Untracked |  0
|  91|0x0000000087900000, 0x0000000087a00000, 0x0000000087a00000|100%| E|  |TAMS 0x0000000087900000| PB 0x0000000087900000| Complete |  0
|  92|0x0000000087a00000, 0x0000000087b00000, 0x0000000087b00000|100%| E|CS|TAMS 0x0000000087a00000| PB 0x0000000087a00000| Complete |  0
|  93|0x0000000087b00000, 0x0000000087c00000, 0x0000000087c00000|100%| E|CS|TAMS 0x0000000087b00000| PB 0x0000000087b00000| Complete |  0
|  94|0x0000000087c00000, 0x0000000087d00000, 0x0000000087d00000|100%| E|CS|TAMS 0x0000000087c00000| PB 0x0000000087c00000| Complete |  0
|  95|0x0000000087d00000, 0x0000000087e00000, 0x0000000087e00000|100%| E|CS|TAMS 0x0000000087d00000| PB 0x0000000087d00000| Complete |  0
|  96|0x0000000087e00000, 0x0000000087f00000, 0x0000000087f00000|100%| E|CS|TAMS 0x0000000087e00000| PB 0x0000000087e00000| Complete |  0
|  97|0x0000000087f00000, 0x0000000088000000, 0x0000000088000000|100%| E|CS|TAMS 0x0000000087f00000| PB 0x0000000087f00000| Complete |  0
|  98|0x0000000088000000, 0x0000000088100000, 0x0000000088100000|100%| E|CS|TAMS 0x0000000088000000| PB 0x0000000088000000| Complete |  0
|  99|0x0000000088100000, 0x0000000088200000, 0x0000000088200000|100%| E|CS|TAMS 0x0000000088100000| PB 0x0000000088100000| Complete |  0
| 100|0x0000000088200000, 0x0000000088300000, 0x0000000088300000|100%| E|CS|TAMS 0x0000000088200000| PB 0x0000000088200000| Complete |  0
| 101|0x0000000088300000, 0x0000000088400000, 0x0000000088400000|100%| E|CS|TAMS 0x0000000088300000| PB 0x0000000088300000| Complete |  0
| 102|0x0000000088400000, 0x0000000088500000, 0x0000000088500000|100%| E|CS|TAMS 0x0000000088400000| PB 0x0000000088400000| Complete |  0
| 103|0x0000000088500000, 0x0000000088600000, 0x0000000088600000|100%| E|CS|TAMS 0x0000000088500000| PB 0x0000000088500000| Complete |  0
| 104|0x0000000088600000, 0x0000000088700000, 0x0000000088700000|100%| E|CS|TAMS 0x0000000088600000| PB 0x0000000088600000| Complete |  0
| 105|0x0000000088700000, 0x0000000088800000, 0x0000000088800000|100%| E|CS|TAMS 0x0000000088700000| PB 0x0000000088700000| Complete |  0
| 106|0x0000000088800000, 0x0000000088900000, 0x0000000088900000|100%| E|CS|TAMS 0x0000000088800000| PB 0x0000000088800000| Complete |  0
| 107|0x0000000088900000, 0x0000000088a00000, 0x0000000088a00000|100%| E|CS|TAMS 0x0000000088900000| PB 0x0000000088900000| Complete |  0
| 108|0x0000000088a00000, 0x0000000088b00000, 0x0000000088b00000|100%| E|CS|TAMS 0x0000000088a00000| PB 0x0000000088a00000| Complete |  0
| 109|0x0000000088b00000, 0x0000000088c00000, 0x0000000088c00000|100%| E|CS|TAMS 0x0000000088b00000| PB 0x0000000088b00000| Complete |  0
| 110|0x0000000088c00000, 0x0000000088d00000, 0x0000000088d00000|100%| E|CS|TAMS 0x0000000088c00000| PB 0x0000000088c00000| Complete |  0
| 111|0x0000000088d00000, 0x0000000088e00000, 0x0000000088e00000|100%| E|CS|TAMS 0x0000000088d00000| PB 0x0000000088d00000| Complete |  0
| 112|0x0000000088e00000, 0x0000000088f00000, 0x0000000088f00000|100%| E|CS|TAMS 0x0000000088e00000| PB 0x0000000088e00000| Complete |  0
| 113|0x0000000088f00000, 0x0000000089000000, 0x0000000089000000|100%| E|CS|TAMS 0x0000000088f00000| PB 0x0000000088f00000| Complete |  0
| 114|0x0000000089000000, 0x0000000089100000, 0x0000000089100000|100%| E|CS|TAMS 0x0000000089000000| PB 0x0000000089000000| Complete |  0
| 115|0x0000000089100000, 0x0000000089200000, 0x0000000089200000|100%| E|CS|TAMS 0x0000000089100000| PB 0x0000000089100000| Complete |  0
| 116|0x0000000089200000, 0x0000000089300000, 0x0000000089300000|100%| E|CS|TAMS 0x0000000089200000| PB 0x0000000089200000| Complete |  0
| 117|0x0000000089300000, 0x0000000089400000, 0x0000000089400000|100%| E|CS|TAMS 0x0000000089300000| PB 0x0000000089300000| Complete |  0
| 118|0x0000000089400000, 0x0000000089500000, 0x0000000089500000|100%| E|CS|TAMS 0x0000000089400000| PB 0x0000000089400000| Complete |  0
| 119|0x0000000089500000, 0x0000000089600000, 0x0000000089600000|100%| E|CS|TAMS 0x0000000089500000| PB 0x0000000089500000| Complete |  0
| 120|0x0000000089600000, 0x0000000089700000, 0x0000000089700000|100%| E|CS|TAMS 0x0000000089600000| PB 0x0000000089600000| Complete |  0
| 121|0x0000000089700000, 0x0000000089800000, 0x0000000089800000|100%| E|CS|TAMS 0x0000000089700000| PB 0x0000000089700000| Complete |  0
| 122|0x0000000089800000, 0x0000000089900000, 0x0000000089900000|100%| E|CS|TAMS 0x0000000089800000| PB 0x0000000089800000| Complete |  0
| 123|0x0000000089900000, 0x0000000089a00000, 0x0000000089a00000|100%| E|CS|TAMS 0x0000000089900000| PB 0x0000000089900000| Complete |  0
| 124|0x0000000089a00000, 0x0000000089b00000, 0x0000000089b00000|100%| E|CS|TAMS 0x0000000089a00000| PB 0x0000000089a00000| Complete |  0
| 125|0x0000000089b00000, 0x0000000089c00000, 0x0000000089c00000|100%| E|CS|TAMS 0x0000000089b00000| PB 0x0000000089b00000| Complete |  0
| 126|0x0000000089c00000, 0x0000000089d00000, 0x0000000089d00000|100%| E|CS|TAMS 0x0000000089c00000| PB 0x0000000089c00000| Complete |  0
| 127|0x0000000089d00000, 0x0000000089e00000, 0x0000000089e00000|100%| E|CS|TAMS 0x0000000089d00000| PB 0x0000000089d00000| Complete |  0
|2016|0x00000000ffe00000, 0x00000000fff00000, 0x00000000fff00000|100%| O|  |TAMS 0x00000000ffe00000| PB 0x00000000ffe00000| Untracked |  0
|2017|0x00000000fff00000, 0x00000000fff256a0, 0x0000000100000000| 14%| O|  |TAMS 0x00000000fff00000| PB 0x00000000fff00000| Untracked |  0

Card table byte_map: [0x000002945fa40000,0x000002945fe40000] _byte_map_base: 0x000002945f631000

Marking Bits: (CMBitMap*) 0x0000029445adc1c0
 Bits: [0x000002945fe40000, 0x0000029461dc8000)

Polling page: 0x0000029445a10000

Metaspace:
Metaspace        used 6518K, committed 6784K, reserved 1114112K
 class space     used 640K, committed 768K, reserved 1048576K

Usage:
  Non-class:      5.74 MB used.
      Class:    640.98 KB used.
       Both:      6.37 MB used.

Virtual space:
  Non-class space:       64.00 MB reserved,       5.88 MB (  9%) committed,  1 nodes.
      Class space:        1.00 GB reserved,     768.00 KB ( <1%) committed,  1 nodes.
             Both:        1.06 GB reserved,       6.62 MB ( <1%) committed. 

Chunk freelists:
   Non-Class:  9.17 MB
       Class:  15.30 MB
        Both:  24.47 MB

MaxMetaspaceSize: unlimited
CompressedClassSpaceSize: 1.00 GB
Initial GC threshold: 21.00 MB
Current GC threshold: 21.00 MB
CDS: on
 - commit_granule_bytes: 65536.
 - commit_granule_words: 8192.
 - virtual_space_node_default_size: 8388608.
 - enlarge_chunks_in_place: 1.
UseCompressedClassPointers 1, UseCompactObjectHeaders 0
Narrow klass pointer bits 32, Max shift 3
Narrow klass base: 0x0000000030000000, Narrow klass shift: 0
Encoding Range: [0x0000000030000000 - 0x0000000130000000), (4294967296 bytes)
Klass Range:    [0x0000000030010000 - 0x0000000071000000), (1090453504 bytes)
Klass ID Range:  [65536 - 1090519033) (1090453497)
Protection zone: [0x0000000030000000 - 0x0000000030010000), (65536 bytes)


Internal statistics:

num_allocs_failed_limit: 0.
num_arena_births: 88.
num_arena_deaths: 0.
num_vsnodes_births: 2.
num_vsnodes_deaths: 0.
num_space_committed: 106.
num_space_uncommitted: 0.
num_chunks_returned_to_freelist: 0.
num_chunks_taken_from_freelist: 300.
num_chunk_merges: 0.
num_chunk_splits: 164.
num_chunks_enlarged: 109.
num_inconsistent_stats: 0.

CodeHeap 'non-profiled nmethods': size=120064Kb used=440Kb max_used=440Kb free=119623Kb
 bounds [0x0000029457680000, 0x00000294578f0000, 0x000002945ebc0000]
CodeHeap 'profiled nmethods': size=120000Kb used=3151Kb max_used=3151Kb free=116848Kb
 bounds [0x000002944fbc0000, 0x000002944fee0000, 0x00000294570f0000]
CodeHeap 'non-nmethods': size=5696Kb used=1352Kb max_used=1362Kb free=4343Kb
 bounds [0x00000294570f0000, 0x0000029457360000, 0x0000029457680000]
CodeCache: size=245760Kb, used=4943Kb, max_used=4953Kb, free=240814Kb
 total_blobs=2455, nmethods=1985, adapters=372, full_count=0
Compilation: enabled, stopped_count=0, restarted_count=0

Compilation events (20 events):
Event: 1.545 Thread 0x000002946486fd10 1940       3       java.lang.invoke.InnerClassLambdaMetafactory::forwardingMethod (10 bytes)
Event: 1.546 Thread 0x000002946486fd10 nmethod 1940 0x000002944febbb88 code [0x000002944febbc80, 0x000002944febbfc0]
Event: 1.546 Thread 0x000002946486fd10 1941       3       java.lang.invoke.InnerClassLambdaMetafactory$6::<init> (20 bytes)
Event: 1.546 Thread 0x000002946486fd10 nmethod 1941 0x000002944febc008 code [0x000002944febc100, 0x000002944febc470]
Event: 1.546 Thread 0x000002946486fd10 1942       3       java.lang.invoke.InnerClassLambdaMetafactory$6::accept (9 bytes)
Event: 1.546 Thread 0x000002946486fd10 nmethod 1942 0x000002944febc488 code [0x000002944febc580, 0x000002944febc7b8]
Event: 1.546 Thread 0x000002946486fd10 1945       3       java.lang.invoke.InnerClassLambdaMetafactory::invocationOpcode (102 bytes)
Event: 1.547 Thread 0x000002946486fd10 nmethod 1945 0x000002944febc808 code [0x000002944febc900, 0x000002944febd2a8]
Event: 1.547 Thread 0x000002946486fd10 1947       3       java.lang.invoke.MethodHandles$Lookup::makeHiddenClassDefiner (16 bytes)
Event: 1.547 Thread 0x000002946486fd10 nmethod 1947 0x000002944febd308 code [0x000002944febd400, 0x000002944febd6b8]
Event: 1.781 Thread 0x000002946486fd10 1953       1       java.util.concurrent.locks.AbstractOwnableSynchronizer::setExclusiveOwnerThread (6 bytes)
Event: 1.781 Thread 0x000002946486fd10 nmethod 1953 0x00000294576ec088 code [0x00000294576ec180, 0x00000294576ec290]
Event: 2.082 Thread 0x000002946486fd10 1954       1       java.util.concurrent.locks.AbstractOwnableSynchronizer::getExclusiveOwnerThread (5 bytes)
Event: 2.082 Thread 0x000002946486fd10 nmethod 1954 0x00000294576ec388 code [0x00000294576ec480, 0x00000294576ec548]
Event: 2.183 Thread 0x000002946486fd10 1955       1       java.util.concurrent.locks.AbstractQueuedSynchronizer::getState (5 bytes)
Event: 2.183 Thread 0x000002946486fd10 nmethod 1955 0x00000294576ec688 code [0x00000294576ec780, 0x00000294576ec848]
Event: 2.385 Thread 0x000002946486fd10 1956       1       java.util.concurrent.atomic.AtomicInteger::get (5 bytes)
Event: 2.385 Thread 0x000002946486fd10 nmethod 1956 0x00000294576ec988 code [0x00000294576eca80, 0x00000294576ecb48]
Event: 2.486 Thread 0x000002946486fd10 1957       1       java.util.concurrent.locks.AbstractQueuedSynchronizer::setState (6 bytes)
Event: 2.486 Thread 0x000002946486fd10 nmethod 1957 0x00000294576ecc88 code [0x00000294576ecd80, 0x00000294576ece50]

GC Heap Usage History (0 events):
No events

Metaspace Usage History (0 events):
No events

Dll operation events (7 events):
Event: 0.017 Loaded shared library C:\Program Files\Java\jdk-25\bin\java.dll
Event: 0.071 Loaded shared library C:\Program Files\Java\jdk-25\bin\net.dll
Event: 0.074 Loaded shared library C:\Program Files\Java\jdk-25\bin\nio.dll
Event: 0.078 Loaded shared library C:\Program Files\Java\jdk-25\bin\zip.dll
Event: 0.167 Loaded shared library C:\Program Files\Java\jdk-25\bin\management.dll
Event: 0.173 Loaded shared library C:\Program Files\Java\jdk-25\bin\management_ext.dll
Event: 0.210 Loaded shared library C:\Program Files\Java\jdk-25\bin\jimage.dll

Deoptimization events (20 events):
Event: 1.204 Thread 0x0000029445741d20 DEOPT PACKING pc=0x00000294576db590 sp=0x000000e6853fd310
Event: 1.204 Thread 0x0000029445741d20 DEOPT UNPACKING pc=0x000002945720f582 sp=0x000000e6853fd288 mode 2
Event: 1.205 Thread 0x0000029445741d20 Uncommon trap: trap_request=0xffffffde fr.pc=0x00000294576db590 relative=0x0000000000000110
Event: 1.205 Thread 0x0000029445741d20 Uncommon trap: reason=class_check action=maybe_recompile pc=0x00000294576db590 method=jdk.internal.misc.Unsafe.allocateUninitializedArray(Ljava/lang/Class;I)Ljava/lang/Object; @ 51 c2
Event: 1.205 Thread 0x0000029445741d20 DEOPT PACKING pc=0x00000294576db590 sp=0x000000e6853fd370
Event: 1.205 Thread 0x0000029445741d20 DEOPT UNPACKING pc=0x000002945720f582 sp=0x000000e6853fd2e8 mode 2
Event: 1.205 Thread 0x0000029445741d20 Uncommon trap: trap_request=0xffffffde fr.pc=0x00000294576db590 relative=0x0000000000000110
Event: 1.205 Thread 0x0000029445741d20 Uncommon trap: reason=class_check action=maybe_recompile pc=0x00000294576db590 method=jdk.internal.misc.Unsafe.allocateUninitializedArray(Ljava/lang/Class;I)Ljava/lang/Object; @ 51 c2
Event: 1.205 Thread 0x0000029445741d20 DEOPT PACKING pc=0x00000294576db590 sp=0x000000e6853fd2e0
Event: 1.205 Thread 0x0000029445741d20 DEOPT UNPACKING pc=0x000002945720f582 sp=0x000000e6853fd258 mode 2
Event: 1.205 Thread 0x0000029445741d20 Uncommon trap: trap_request=0xffffffde fr.pc=0x00000294576db590 relative=0x0000000000000110
Event: 1.205 Thread 0x0000029445741d20 Uncommon trap: reason=class_check action=maybe_recompile pc=0x00000294576db590 method=jdk.internal.misc.Unsafe.allocateUninitializedArray(Ljava/lang/Class;I)Ljava/lang/Object; @ 51 c2
Event: 1.205 Thread 0x0000029445741d20 DEOPT PACKING pc=0x00000294576db590 sp=0x000000e6853fd410
Event: 1.205 Thread 0x0000029445741d20 DEOPT UNPACKING pc=0x000002945720f582 sp=0x000000e6853fd388 mode 2
Event: 1.285 Thread 0x0000029445741d20 DEOPT PACKING pc=0x000002944fcb3190 sp=0x000000e6853fadb0
Event: 1.285 Thread 0x0000029445741d20 DEOPT UNPACKING pc=0x0000029457141702 sp=0x000000e6853fa2b8 mode 0
Event: 1.312 Thread 0x0000029445741d20 Uncommon trap: trap_request=0xffffff45 fr.pc=0x0000029457697390 relative=0x0000000000000710
Event: 1.312 Thread 0x0000029445741d20 Uncommon trap: reason=unstable_if action=reinterpret pc=0x0000029457697390 method=java.util.jar.Manifest$FastInputStream.readLine([BII)I @ 130 c2
Event: 1.312 Thread 0x0000029445741d20 DEOPT PACKING pc=0x0000029457697390 sp=0x000000e6853fcb60
Event: 1.312 Thread 0x0000029445741d20 DEOPT UNPACKING pc=0x000002945720f582 sp=0x000000e6853fcaf0 mode 2

Classes loaded (20 events):
Event: 1.243 Loading class java/io/ObjectStreamClass$FieldReflectorKey
Event: 1.243 Loading class java/io/ObjectStreamClass$FieldReflectorKey done
Event: 1.244 Loading class java/io/ObjectStreamClass$FieldReflector
Event: 1.244 Loading class java/io/ObjectStreamClass$FieldReflector done
Event: 1.244 Loading class jdk/internal/event/SerializationMisdeclarationEvent
Event: 1.245 Loading class jdk/internal/event/Event
Event: 1.245 Loading class jdk/internal/event/Event done
Event: 1.245 Loading class jdk/internal/event/SerializationMisdeclarationEvent done
Event: 1.327 Loading class java/util/LinkedList$LLSpliterator
Event: 1.327 Loading class java/util/LinkedList$LLSpliterator done
Event: 1.331 Loading class java/util/stream/ReduceOps$5
Event: 1.331 Loading class java/util/stream/ReduceOps$5 done
Event: 1.331 Loading class java/util/stream/ReduceOps$CountingSink$OfRef
Event: 1.333 Loading class java/util/stream/ReduceOps$CountingSink
Event: 1.333 Loading class java/util/stream/ReduceOps$CountingSink done
Event: 1.333 Loading class java/util/stream/ReduceOps$CountingSink$OfRef done
Event: 1.411 Loading class java/util/NoSuchElementException
Event: 1.411 Loading class java/util/NoSuchElementException done
Event: 1.550 Loading class java/util/concurrent/locks/ReadWriteLock
Event: 1.550 Loading class java/util/concurrent/locks/ReadWriteLock done

Classes unloaded (0 events):
No events

Classes redefined (0 events):
No events

Internal exceptions (20 events):
Event: 1.021 Thread 0x0000029445741d20 Exception <a 'java/lang/NoSuchMethodError'{0x0000000088791f58}: 'java.lang.Object java.lang.invoke.DirectMethodHandle$Holder.newInvokeSpecial(java.lang.Object, java.lang.Object, java.lang.Object, java.lang.Object, java.lang.Object)'> (0x0000000088791f58) 
thrown [s\open\src\hotspot\share\interpreter\linkResolver.cpp, line 804]
Event: 1.103 Thread 0x0000029445741d20 Exception <a 'java/lang/NoSuchMethodError'{0x00000000885325f8}: 'java.lang.Object java.lang.invoke.DirectMethodHandle$Holder.invokeSpecialIFC(java.lang.Object, java.lang.Object, java.lang.Object, java.lang.Object)'> (0x00000000885325f8) 
thrown [s\open\src\hotspot\share\interpreter\linkResolver.cpp, line 804]
Event: 1.109 Thread 0x0000029445741d20 Exception <a 'java/lang/NoSuchMethodError'{0x000000008855f618}: 'java.lang.Object java.lang.invoke.DirectMethodHandle$Holder.invokeInterface(java.lang.Object, java.lang.Object, java.lang.Object)'> (0x000000008855f618) 
thrown [s\open\src\hotspot\share\interpreter\linkResolver.cpp, line 804]
Event: 1.137 Thread 0x0000029445741d20 Exception <a 'java/lang/NoSuchMethodError'{0x00000000885ff468}: 'void java.lang.invoke.DirectMethodHandle$Holder.invokeInterface(java.lang.Object, java.lang.Object, java.lang.Object)'> (0x00000000885ff468) 
thrown [s\open\src\hotspot\share\interpreter\linkResolver.cpp, line 804]
Event: 1.155 Thread 0x0000029445741d20 Exception <a 'java/lang/NoSuchMethodError'{0x0000000088462850}: 'java.lang.Object java.lang.invoke.DirectMethodHandle$Holder.newInvokeSpecial(java.lang.Object, java.lang.Object, java.lang.Object, java.lang.Object, java.lang.Object, java.lang.Object)'> (0x0000000088462850) 
thrown [s\open\src\hotspot\share\interpreter\linkResolver.cpp, line 804]
Event: 1.166 Thread 0x0000029445741d20 Exception <a 'java/lang/NoSuchMethodError'{0x00000000884c2e88}: 'void java.lang.invoke.DirectMethodHandle$Holder.invokeInterface(java.lang.Object, java.lang.Object, java.lang.Object, java.lang.Object, java.lang.Object)'> (0x00000000884c2e88) 
thrown [s\open\src\hotspot\share\interpreter\linkResolver.cpp, line 804]
Event: 1.166 Thread 0x0000029445741d20 Exception <a 'java/lang/IncompatibleClassChangeError'{0x00000000884cb270}: Found class java.lang.Object, but interface was expected> (0x00000000884cb270) 
thrown [s\open\src\hotspot\share\interpreter\linkResolver.cpp, line 871]
Event: 1.189 Thread 0x0000029445741d20 Exception <a 'java/lang/IncompatibleClassChangeError'{0x000000008833c300}: Found class java.lang.Object, but interface was expected> (0x000000008833c300) 
thrown [s\open\src\hotspot\share\interpreter\linkResolver.cpp, line 871]
Event: 1.195 Thread 0x0000029445741d20 Exception <a 'java/lang/NoSuchMethodError'{0x000000008836ba50}: 'java.lang.Object java.lang.invoke.DirectMethodHandle$Holder.invokeStatic(java.lang.Object, java.lang.Object, int)'> (0x000000008836ba50) 
thrown [s\open\src\hotspot\share\interpreter\linkResolver.cpp, line 804]
Event: 1.208 Thread 0x0000029445741d20 Exception <a 'java/lang/NoSuchMethodError'{0x000000008820b058}: 'void java.lang.invoke.DirectMethodHandle$Holder.invokeSpecial(java.lang.Object, java.lang.Object, java.lang.Object, java.lang.Object, java.lang.Object)'> (0x000000008820b058) 
thrown [s\open\src\hotspot\share\interpreter\linkResolver.cpp, line 804]
Event: 1.235 Thread 0x0000029445741d20 Exception <a 'java/lang/NoSuchMethodError'{0x00000000882f3a90}: 'long java.lang.invoke.DirectMethodHandle$Holder.invokeSpecial(java.lang.Object, java.lang.Object)'> (0x00000000882f3a90) 
thrown [s\open\src\hotspot\share\interpreter\linkResolver.cpp, line 804]
Event: 1.236 Thread 0x0000029445741d20 Exception <a 'java/lang/NoSuchMethodError'{0x00000000882fb980}: 'long java.lang.invoke.Invokers$Holder.invokeExact_MT(java.lang.Object, java.lang.Object)'> (0x00000000882fb980) 
thrown [s\open\src\hotspot\share\interpreter\linkResolver.cpp, line 804]
Event: 1.325 Thread 0x0000029445741d20 Exception <a 'java/lang/NoSuchMethodError'{0x000000008804cda8}: 'void java.lang.invoke.DirectMethodHandle$Holder.invokeStatic(java.lang.Object, java.lang.Object)'> (0x000000008804cda8) 
thrown [s\open\src\hotspot\share\interpreter\linkResolver.cpp, line 804]
Event: 1.329 Thread 0x0000029445741d20 Exception <a 'java/lang/NoSuchMethodError'{0x0000000088065b50}: 'int java.lang.invoke.DirectMethodHandle$Holder.invokeInterface(java.lang.Object, java.lang.Object)'> (0x0000000088065b50) 
thrown [s\open\src\hotspot\share\interpreter\linkResolver.cpp, line 804]
Event: 1.330 Thread 0x0000029445741d20 Exception <a 'java/lang/IncompatibleClassChangeError'{0x000000008806dab8}: Found class java.lang.Object, but interface was expected> (0x000000008806dab8) 
thrown [s\open\src\hotspot\share\interpreter\linkResolver.cpp, line 871]
Event: 1.334 Thread 0x0000029445741d20 Exception <a 'java/lang/IncompatibleClassChangeError'{0x0000000088075688}: Found class java.lang.Object, but interface was expected> (0x0000000088075688) 
thrown [s\open\src\hotspot\share\interpreter\linkResolver.cpp, line 871]
Event: 1.336 Thread 0x0000029445741d20 Exception <a 'java/lang/NoSuchMethodError'{0x000000008808d060}: 'java.lang.Object java.lang.invoke.DirectMethodHandle$Holder.newInvokeSpecial(java.lang.Object, long, long, java.lang.Object)'> (0x000000008808d060) 
thrown [s\open\src\hotspot\share\interpreter\linkResolver.cpp, line 804]
Event: 1.509 Thread 0x0000029445741d20 Exception <a 'java/lang/NoSuchMethodError'{0x0000000087e9dd60}: 'void java.lang.invoke.DirectMethodHandle$Holder.invokeInterface(java.lang.Object, java.lang.Object, java.lang.Object, java.lang.Object)'> (0x0000000087e9dd60) 
thrown [s\open\src\hotspot\share\interpreter\linkResolver.cpp, line 804]
Event: 1.510 Thread 0x0000029445741d20 Exception <a 'java/lang/IncompatibleClassChangeError'{0x0000000087ea5e00}: Found class java.lang.Object, but interface was expected> (0x0000000087ea5e00) 
thrown [s\open\src\hotspot\share\interpreter\linkResolver.cpp, line 871]
Event: 1.523 Thread 0x0000029445741d20 Exception <a 'java/lang/NoSuchMethodError'{0x0000000087ed2ac8}: 'void java.lang.invoke.DirectMethodHandle$Holder.invokeStatic(java.lang.Object, java.lang.Object, java.lang.Object, java.lang.Object)'> (0x0000000087ed2ac8) 
thrown [s\open\src\hotspot\share\interpreter\linkResolver.cpp, line 804]

VM Operations (14 events):
Event: 0.456 Executing non-safepoint VM operation: HandshakeAllThreads (Deoptimize)
Event: 0.456 Executing non-safepoint VM operation: HandshakeAllThreads (Deoptimize) done
Event: 0.803 Executing non-safepoint VM operation: HandshakeAllThreads (Deoptimize)
Event: 0.803 Executing non-safepoint VM operation: HandshakeAllThreads (Deoptimize) done
Event: 0.805 Executing non-safepoint VM operation: HandshakeAllThreads (Deoptimize)
Event: 0.805 Executing non-safepoint VM operation: HandshakeAllThreads (Deoptimize) done
Event: 0.972 Executing non-safepoint VM operation: HandshakeAllThreads (Deoptimize)
Event: 0.972 Executing non-safepoint VM operation: HandshakeAllThreads (Deoptimize) done
Event: 1.013 Executing non-safepoint VM operation: HandshakeAllThreads (Deoptimize)
Event: 1.013 Executing non-safepoint VM operation: HandshakeAllThreads (Deoptimize) done
Event: 1.218 Executing non-safepoint VM operation: HandshakeAllThreads (Deoptimize)
Event: 1.218 Executing non-safepoint VM operation: HandshakeAllThreads (Deoptimize) done
Event: 1.233 Executing non-safepoint VM operation: HandshakeAllThreads (Deoptimize)
Event: 1.233 Executing non-safepoint VM operation: HandshakeAllThreads (Deoptimize) done

Memory protections (0 events):
No events

Nmethod flushes (0 events):
No events

Events (13 events):
Event: 0.038 Thread 0x0000029445741d20 Thread added: 0x0000029445741d20
Event: 0.056 Thread 0x0000029445741d20 Thread added: 0x0000029464845cd0
Event: 0.056 Thread 0x0000029445741d20 Thread added: 0x00000294648465e0
Event: 0.056 Thread 0x0000029445741d20 Thread added: 0x0000029464849460
Event: 0.056 Thread 0x0000029445741d20 Thread added: 0x00000294646eb930
Event: 0.056 Thread 0x0000029445741d20 Thread added: 0x000002946484d0e0
Event: 0.056 Thread 0x0000029445741d20 Thread added: 0x000002946484c140
Event: 0.056 Thread 0x0000029445741d20 Thread added: 0x000002946485c240
Event: 0.057 Thread 0x0000029445741d20 Thread added: 0x000002946486fd10
Event: 0.063 Thread 0x0000029445741d20 Thread added: 0x0000029464850790
Event: 0.066 Thread 0x0000029445741d20 Thread added: 0x0000029464852ea0
Event: 0.467 Thread 0x0000029445741d20 Thread added: 0x0000029464851f00
Event: 0.477 Thread 0x0000029445741d20 Thread added: 0x0000029464853670


Dynamic libraries:
0x00007ff769160000 - 0x00007ff769170000 	C:\Program Files\Java\jdk-25\bin\java.exe
0x00007fff8cb80000 - 0x00007fff8cde6000 	C:\WINDOWS\SYSTEM32\ntdll.dll
0x00007fff8bd80000 - 0x00007fff8be49000 	C:\WINDOWS\System32\KERNEL32.DLL
0x00007fff89d90000 - 0x00007fff8a18f000 	C:\WINDOWS\System32\KERNELBASE.dll
0x00007fff8a440000 - 0x00007fff8a58c000 	C:\WINDOWS\System32\ucrtbase.dll
0x00007fff82f60000 - 0x00007fff82f77000 	C:\Program Files\Java\jdk-25\bin\jli.dll
0x00007fff82f80000 - 0x00007fff82f9e000 	C:\Program Files\Java\jdk-25\bin\VCRUNTIME140.dll
0x00007fff8b970000 - 0x00007fff8bb36000 	C:\WINDOWS\System32\USER32.dll
0x00007fff8a660000 - 0x00007fff8a687000 	C:\WINDOWS\System32\win32u.dll
0x00007fff75620000 - 0x00007fff758b1000 	C:\WINDOWS\WinSxS\amd64_microsoft.windows.common-controls_6595b64144ccf1df_6.0.26100.8972_none_3e0da176e32f9d4b\COMCTL32.dll
0x00007fff8be50000 - 0x00007fff8be7b000 	C:\WINDOWS\System32\GDI32.dll
0x00007fff8c0d0000 - 0x00007fff8c179000 	C:\WINDOWS\System32\msvcrt.dll
0x00007fff8a250000 - 0x00007fff8a379000 	C:\WINDOWS\System32\gdi32full.dll
0x00007fff8a1a0000 - 0x00007fff8a243000 	C:\WINDOWS\System32\msvcp_win.dll
0x00007fff8bbd0000 - 0x00007fff8bc02000 	C:\WINDOWS\System32\IMM32.DLL
0x00007fff866e0000 - 0x00007fff866ec000 	C:\Program Files\Java\jdk-25\bin\vcruntime140_1.dll
0x00007fff73b80000 - 0x00007fff73c0d000 	C:\Program Files\Java\jdk-25\bin\msvcp140.dll
0x00007fff23730000 - 0x00007fff2458f000 	C:\Program Files\Java\jdk-25\bin\server\jvm.dll
0x00007fff8b8a0000 - 0x00007fff8b95c000 	C:\WINDOWS\System32\ADVAPI32.dll
0x00007fff8c3b0000 - 0x00007fff8c45a000 	C:\WINDOWS\System32\sechost.dll
0x00007fff8c480000 - 0x00007fff8c598000 	C:\WINDOWS\System32\RPCRT4.dll
0x00007fff8c040000 - 0x00007fff8c0c2000 	C:\WINDOWS\System32\WS2_32.dll
0x00007fff89bf0000 - 0x00007fff89c4e000 	C:\WINDOWS\SYSTEM32\POWRPROF.dll
0x00007fff755e0000 - 0x00007fff75616000 	C:\WINDOWS\SYSTEM32\WINMM.dll
0x00007fff82860000 - 0x00007fff8286b000 	C:\WINDOWS\SYSTEM32\VERSION.dll
0x00007fff89bd0000 - 0x00007fff89be5000 	C:\WINDOWS\SYSTEM32\UMPDC.dll
0x00007fff88a80000 - 0x00007fff88a9b000 	C:\WINDOWS\SYSTEM32\kernel.appcore.dll
0x00007fff82f50000 - 0x00007fff82f5a000 	C:\Program Files\Java\jdk-25\bin\jimage.dll
0x00007fff873c0000 - 0x00007fff87602000 	C:\WINDOWS\SYSTEM32\DBGHELP.DLL
0x00007fff8c7b0000 - 0x00007fff8cb35000 	C:\WINDOWS\System32\combase.dll
0x00007fff8be80000 - 0x00007fff8bf59000 	C:\WINDOWS\System32\OLEAUT32.dll
0x00007fff73d10000 - 0x00007fff73d4b000 	C:\WINDOWS\SYSTEM32\dbgcore.DLL
0x00007fff8a5a0000 - 0x00007fff8a64c000 	C:\WINDOWS\System32\bcryptPrimitives.dll
0x00007fff82f30000 - 0x00007fff82f4f000 	C:\Program Files\Java\jdk-25\bin\java.dll
0x00007fff8b670000 - 0x00007fff8b809000 	C:\WINDOWS\System32\ole32.dll
0x00007fff8aee0000 - 0x00007fff8b668000 	C:\WINDOWS\System32\SHELL32.dll
0x00007fff87880000 - 0x00007fff8811b000 	C:\WINDOWS\SYSTEM32\windows.storage.dll
0x00007fff8c690000 - 0x00007fff8c789000 	C:\WINDOWS\System32\SHCORE.dll
0x00007fff8a9c0000 - 0x00007fff8aa26000 	C:\WINDOWS\System32\shlwapi.dll
0x00007fff89cb0000 - 0x00007fff89cd9000 	C:\WINDOWS\SYSTEM32\profapi.dll
0x00007fff82b50000 - 0x00007fff82b62000 	C:\Program Files\Java\jdk-25\bin\net.dll
0x00007fff89030000 - 0x00007fff8909c000 	C:\WINDOWS\system32\mswsock.dll
0x00007fff82970000 - 0x00007fff82986000 	C:\Program Files\Java\jdk-25\bin\nio.dll
0x00007fff82890000 - 0x00007fff828a7000 	C:\Program Files\Java\jdk-25\bin\zip.dll
0x00007fff81640000 - 0x00007fff8164a000 	C:\Program Files\Java\jdk-25\bin\management.dll
0x00007fff81630000 - 0x00007fff8163c000 	C:\Program Files\Java\jdk-25\bin\management_ext.dll
0x00007fff8a8b0000 - 0x00007fff8a8b8000 	C:\WINDOWS\System32\PSAPI.DLL

JVMTI agents: none

dbghelp: loaded successfully - version: 4.0.5 - missing functions: none
symbol engine: initialized successfully - sym options: 0x614 - pdb path: .;C:\Program Files\Java\jdk-25\bin;C:\WINDOWS\SYSTEM32;C:\WINDOWS\WinSxS\amd64_microsoft.windows.common-controls_6595b64144ccf1df_6.0.26100.8972_none_3e0da176e32f9d4b;C:\Program Files\Java\jdk-25\bin\server

VM Arguments:
java_command: C:\Users\User\AppData\Local\Temp\surefire17601392777765907678\surefirebooter-20260819185914360_3.jar C:\Users\User\AppData\Local\Temp\surefire17601392777765907678 2026-08-19T18-59-14_130-jvmRun1 surefire-20260819185914360_1tmp surefire_0-20260819185914360_2tmp
java_class_path (initial): C:\Users\User\AppData\Local\Temp\surefire17601392777765907678\surefirebooter-20260819185914360_3.jar
Launcher Type: SUN_STANDARD

[Global flags]
     intx CICompilerCount                          = 4                                         {product} {ergonomic}
     uint ConcGCThreads                            = 2                                         {product} {ergonomic}
     uint G1ConcRefinementThreads                  = 8                                         {product} {ergonomic}
   size_t G1HeapRegionSize                         = 1048576                                   {product} {ergonomic}
   size_t InitialHeapSize                          = 134217728                                 {product} {ergonomic}
   size_t MarkStackSize                            = 4194304                                   {product} {ergonomic}
   size_t MarkStackSizeMax                         = 536870912                                 {product} {ergonomic}
   size_t MaxHeapSize                              = 2116026368                                {product} {ergonomic}
   size_t MaxNewSize                               = 1268776960                                {product} {ergonomic}
   size_t MinHeapDeltaBytes                        = 1048576                                   {product} {ergonomic}
   size_t MinHeapSize                              = 8388608                                   {product} {ergonomic}
    uintx NonNMethodCodeHeapSize                   = 5832704                                {pd product} {ergonomic}
    uintx NonProfiledCodeHeapSize                  = 122945536                              {pd product} {ergonomic}
    uintx ProfiledCodeHeapSize                     = 122880000                              {pd product} {ergonomic}
    uintx ReservedCodeCacheSize                    = 251658240                              {pd product} {ergonomic}
     bool SegmentedCodeCache                       = true                                      {product} {ergonomic}
   size_t SoftMaxHeapSize                          = 2116026368                             {manageable} {ergonomic}
     bool UseCompressedOops                        = true                           {product lp64_product} {ergonomic}
     bool UseG1GC                                  = true                                      {product} {ergonomic}
     bool UseLargePagesIndividualAllocation        = false                                  {pd product} {ergonomic}

Logging:
Log output configuration:
 #0: stdout all=warning uptime,level,tags foldmultilines=false
 #1: stderr all=off uptime,level,tags foldmultilines=false

Release file:
IMPLEMENTOR="Oracle Corporation" 
JAVA_RUNTIME_VERSION="25.0.1+8-LTS-27" 
JAVA_VERSION="25.0.1" 
JAVA_VERSION_DATE="2025-10-21" 
LIBC="default" 
MODULES="java.base java.compiler java.datatransfer java.xml java.prefs java.desktop java.instrument java.logging java.management java.security.sasl java.naming java.rmi java.management.rmi java.net.http java.scripting java.security.jgss java.transaction.xa java.sql java.sql.rowset java.xml.crypto java.se java.smartcardio jdk.accessibility jdk.internal.jvmstat jdk.attach jdk.charsets jdk.internal.opt jdk.zipfs jdk.compiler jdk.crypto.cryptoki jdk.crypto.ec jdk.crypto.mscapi jdk.dynalink jdk.internal.ed jdk.editpad jdk.internal.vm.ci jdk.graal.compiler jdk.graal.compiler.management jdk.hotspot.agent jdk.httpserver jdk.incubator.vector jdk.internal.le jdk.internal.md jdk.jartool jdk.javadoc jdk.jcmd jdk.management jdk.management.agent jdk.jconsole jdk.jdeps jdk.jdwp.agent jdk.jdi jdk.jfr jdk.jlink jdk.jpackage jdk.jshell jdk.jsobject jdk.jstatd jdk.localedata jdk.management.jfr jdk.naming.dns jdk.naming.rmi jdk.net jdk.nio.mapmode jdk.sctp jdk.security.auth jdk.security.jgss jdk.unsupported jdk.unsupported.desktop jdk.xml.dom" 
OS_ARCH="x86_64" 
OS_NAME="Windows" 
SOURCE=".:git:862c85bc42b7 open:git:78770bfaefd2" 

Environment Variables:
JAVA_HOME=C:/Program Files/Java/jdk-25
PATH=C:\Users\User\bin;C:\Program Files\Git\mingw64\bin;C:\Program Files\Git\usr\local\bin;C:\Program Files\Git\usr\bin;C:\Program Files\Git\usr\bin;C:\Program Files\Git\mingw64\bin;C:\Program Files\Git\usr\bin;C:\Users\User\bin;C:\Program Files\Common Files\Oracle\Java\javapath;C:\WINDOWS\system32;C:\WINDOWS;C:\WINDOWS\System32\Wbem;C:\WINDOWS\System32\WindowsPowerShell\v1.0;C:\WINDOWS\System32\OpenSSH;C:\Program Files\Git\cmd;C:\Program Files\nodejs;C:\Program Files\nodejs;C:\Program Files\Java\jdk-25\bin;C:\Program Files\apache-maven-3.9.11\bin;C:\Program Files\apache-maven-3.9.11\bin;C:\Program Files\PostgreSQL\18\bin;C:\Program Files\Microsoft SQL Server\Client SDK\ODBC\170\Tools\Binn;C:\Program Files (x86)\Microsoft SQL Server\150\Tools\Binn;C:\Program Files\Microsoft SQL Server\150\Tools\Binn;C:\Program Files\Microsoft SQL Server\150\DTS\Binn;C:\Program Files (x86)\Microsoft SQL Server\150\DTS\Binn;C:\Program Files\Azure Data Studio\bin;C:\Users\User\AppData\Local\Microsoft\WindowsApps;C:\Users\User\AppData\Local\Programs\Microsoft VS Code\bin;C:\Users\User\AppData\Roaming\npm;C:\Program Files\Azure Data Studio\bin;C:\Users\User\AppData\Local\Programs\Antigravity IDE\bin;C:\Program Files\Git\usr\bin\vendor_perl;C:\Program Files\Git\usr\bin\core_perl
USERNAME=User
SHELL=C:\Program Files\Git\usr\bin\bash.exe
TERM=xterm-256color
OS=Windows_NT
PROCESSOR_IDENTIFIER=Intel64 Family 6 Model 142 Stepping 10, GenuineIntel
TMP=C:\Users\User\AppData\Local\Temp
TEMP=C:\Users\User\AppData\Local\Temp




Compilation memory statistics disabled.

Periodic native trim disabled

---------------  S Y S T E M  ---------------

OS:
 Windows 11 , 64 bit Build 26100 (10.0.26100.9168)
OS uptime: 5 days 4:04 hours

CPU: total 8 (initial active 8) (4 cores per cpu, 2 threads per core) family 6 model 142 stepping 10 microcode 0xe0, cx8, cmov, fxsr, ht, mmx, 3dnowpref, sse, sse2, sse3, ssse3, sse4.1, sse4.2, popcnt, lzcnt, tsc, tscinvbit, avx, avx2, aes, erms, clmul, bmi1, bmi2, adx, fma, vzeroupper, clflush, clflushopt, rdtscp, f16c
Processor Information for the first 8 processors :
  Max Mhz: 1800, Current Mhz: 1600, Mhz Limit: 1584

Memory: 4k page, system-wide physical 8070M (273M free)
TotalPageFile size 32646M (AvailPageFile size 3M)
current process WorkingSet (physical memory assigned to process): 103M, peak: 103M
current process commit charge ("private bytes"): 237M, peak: 237M

vm_info: Java HotSpot(TM) 64-Bit Server VM (25.0.1+8-LTS-27) for windows-amd64 JRE (25.0.1+8-LTS-27), built on 2025-09-25T16:41:16Z with unknown MS VC++:1943

END.
